Component: ARM Compiler 5.06 update 6 (build 750) Tool: armlink [4d35ed]

==============================================================================

Section Cross References

    main.o(i.Command_Task) refers to memseta.o(.text) for __aeabi_memclr4
    main.o(i.Command_Task) refers to uart.o(i.USART2_GetChar) for USART2_GetChar
    main.o(i.Command_Task) refers to printfa.o(i.__0printf) for __2printf
    main.o(i.Command_Task) refers to uart.o(i.USART2_ClearBuf_Flag) for USART2_ClearBuf_Flag
    main.o(i.Command_Task) refers to strncmp.o(.text) for strncmp
    main.o(i.Command_Task) refers to main.o(i.Get_SYS_TIME_Task) for Get_SYS_TIME_Task
    main.o(i.Command_Task) refers to imu.o(i.Read_ACC_Data_Task) for Read_ACC_Data_Task
    main.o(i.Command_Task) refers to main.o(.bss) for USART2_RX
    main.o(i.Command_Task) refers to uart.o(.data) for Uart2Flag
    main.o(i.Delay) refers to main.o(.data) for TimingDelay
    main.o(i.Get_SYS_TIME_Task) refers to printfa.o(i.__0printf) for __2printf
    main.o(i.Get_SYS_TIME_Task) refers to rtc.o(.data) for Calendar
    main.o(i.Init_Hardware) refers to uart.o(i.UART2_Configuration) for UART2_Configuration
    main.o(i.Init_Hardware) refers to printfa.o(i.__0printf) for __2printf
    main.o(i.Init_Hardware) refers to misc.o(i.NVIC_PriorityGroupConfig) for NVIC_PriorityGroupConfig
    main.o(i.Init_Hardware) refers to main.o(i.Init_SysTick) for Init_SysTick
    main.o(i.Init_Hardware) refers to rtc.o(i.Internal_RTC_Init) for Internal_RTC_Init
    main.o(i.Init_Hardware) refers to gpio.o(i.GPIO_Configuration) for GPIO_Configuration
    main.o(i.Init_Hardware) refers to i2c.o(i.I2C1_Configuration) for I2C1_Configuration
    main.o(i.Init_Hardware) refers to imu.o(i.Init_LSM303DLH_ACC) for Init_LSM303DLH_ACC
    main.o(i.Init_Hardware) refers to timer.o(i.PWM_Output) for PWM_Output
    main.o(i.Init_Hardware) refers to sdcard.o(i.SD_Init) for SD_Init
    main.o(i.Init_SysTick) refers to main.o(i.NVIC_SetPriority) for NVIC_SetPriority
    main.o(i.Init_SysTick) refers to system_stm32f10x.o(.data) for SystemCoreClock
    main.o(i.SD_FATFS_TEST) refers to ff.o(i.f_mount) for f_mount
    main.o(i.SD_FATFS_TEST) refers to printfa.o(i.__0printf) for __2printf
    main.o(i.SD_FATFS_TEST) refers to ff.o(i.f_open) for f_open
    main.o(i.SD_FATFS_TEST) refers to ff.o(i.f_write) for f_write
    main.o(i.SD_FATFS_TEST) refers to ff.o(i.f_close) for f_close
    main.o(i.SD_FATFS_TEST) refers to ff.o(i.f_lseek) for f_lseek
    main.o(i.SD_FATFS_TEST) refers to ff.o(i.f_gets) for f_gets
    main.o(i.SD_FATFS_TEST) refers to main.o(.bss) for fs
    main.o(i.SD_FATFS_TEST) refers to main.o(.data) for res
    main.o(i.SD_Read_AND_WriteTest) refers to memseta.o(.text) for __aeabi_memclr4
    main.o(i.SD_Read_AND_WriteTest) refers to printfa.o(i.__0printf) for __2printf
    main.o(i.SD_Read_AND_WriteTest) refers to sdcard.o(i.SD_ReadDisk) for SD_ReadDisk
    main.o(i.Update_RTC_Task) refers to memseta.o(.text) for __aeabi_memclr4
    main.o(i.Update_RTC_Task) refers to rtc.o(i.RTC_Get) for RTC_Get
    main.o(i.Update_RTC_Task) refers to imu.o(i.Read_ACC_Data_Task) for Read_ACC_Data_Task
    main.o(i.Update_RTC_Task) refers to f2d.o(.text) for __aeabi_f2d
    main.o(i.Update_RTC_Task) refers to printfa.o(i.__0sprintf) for __2sprintf
    main.o(i.Update_RTC_Task) refers to ff.o(i.f_open) for f_open
    main.o(i.Update_RTC_Task) refers to printfa.o(i.__0printf) for __2printf
    main.o(i.Update_RTC_Task) refers to ff.o(i.f_write) for f_write
    main.o(i.Update_RTC_Task) refers to ff.o(i.f_lseek) for f_lseek
    main.o(i.Update_RTC_Task) refers to ff.o(i.f_close) for f_close
    main.o(i.Update_RTC_Task) refers to rtc.o(.data) for RTC_SEC_FLAG
    main.o(i.Update_RTC_Task) refers to main.o(.data) for Angle_y
    main.o(i.Update_RTC_Task) refers to main.o(.bss) for fil
    main.o(i.main) refers to main.o(i.Init_Hardware) for Init_Hardware
    main.o(i.main) refers to main.o(i.SD_Read_AND_WriteTest) for SD_Read_AND_WriteTest
    main.o(i.main) refers to main.o(i.SD_FATFS_TEST) for SD_FATFS_TEST
    main.o(i.main) refers to ldiv.o(.text) for __aeabi_ldivmod
    main.o(i.main) refers to main.o(i.Delay) for Delay
    main.o(i.main) refers to hw_config.o(i.USB_Port_Set) for USB_Port_Set
    main.o(i.main) refers to printfa.o(i.__0printf) for __2printf
    main.o(i.main) refers to malloc.o(i.mymalloc) for mymalloc
    main.o(i.main) refers to hw_config.o(i.USB_Interrupts_Config) for USB_Interrupts_Config
    main.o(i.main) refers to hw_config.o(i.Set_USBClock) for Set_USBClock
    main.o(i.main) refers to usb_init.o(i.USB_Init) for USB_Init
    main.o(i.main) refers to main.o(i.Command_Task) for Command_Task
    main.o(i.main) refers to sdcard.o(.bss) for SDCardInfo
    main.o(i.main) refers to mass_mal.o(.data) for Mass_Memory_Size
    main.o(i.main) refers to memory.o(.data) for Data_Buffer
    main.o(i.main) refers to usb_bot.o(.data) for Bulk_Data_Buff
[...]
    __aeabi_llsr                             0x08000661   Thumb Code    32  llushr.o(.text)
    _ll_ushift_r                             0x08000661   Thumb Code     0  llushr.o(.text)
    __aeabi_lasr                             0x08000681   Thumb Code    36  llsshr.o(.text)
    _ll_sshift_r                             0x08000681   Thumb Code     0  llsshr.o(.text)
    __I$use$fp                               0x080006a5   Thumb Code     0  iusefp.o(.text)
    _float_round                             0x080006a5   Thumb Code    18  fepilogue.o(.text)
    _float_epilogue                          0x080006b7   Thumb Code    92  fepilogue.o(.text)
    _double_round                            0x08000713   Thumb Code    30  depilogue.o(.text)
    _double_epilogue                         0x08000731   Thumb Code   156  depilogue.o(.text)
    _dsqrt                                   0x080007cd   Thumb Code   162  dsqrt.o(.text)
    __aeabi_d2ulz                            0x0800086f   Thumb Code    48  dfixul.o(.text)
    __aeabi_cdrcmple                         0x080008a1   Thumb Code    48  cdrcmple.o(.text)
    __scatterload                            0x080008d1   Thumb Code    28  init.o(.text)
    __scatterload_rt2                        0x080008d1   Thumb Code     0  init.o(.text)
    __ARM_scalbn                             0x080008f5   Thumb Code    46  dscalb.o(.text)
    scalbn                                   0x080008f5   Thumb Code     0  dscalb.o(.text)
    __decompress                             0x08000923   Thumb Code     0  __dczerorl2.o(.text)
    __decompress1                            0x08000923   Thumb Code    86  __dczerorl2.o(.text)
    BKP_DeInit                               0x08000979   Thumb Code    16  stm32f10x_bkp.o(i.BKP_DeInit)
    BKP_ReadBackupRegister                   0x08000989   Thumb Code    24  stm32f10x_bkp.o(i.BKP_ReadBackupRegister)
    BKP_WriteBackupRegister                  0x080009a5   Thumb Code    22  stm32f10x_bkp.o(i.BKP_WriteBackupRegister)
    Bot_Abort                                0x080009c1   Thumb Code    64  usb_bot.o(i.Bot_Abort)
    BusFault_Handler                         0x08000a01   Thumb Code     4  stm32f10x_it.o(i.BusFault_Handler)
    ByteSwap                                 0x08000a05   Thumb Code    12  usb_regs.o(i.ByteSwap)
    CBW_Decode                               0x08000a11   Thumb Code   678  usb_bot.o(i.CBW_Decode)
    CTR_LP                                   0x08000cd9   Thumb Code   616  usb_int.o(i.CTR_LP)
    ClearDTOG_RX                             0x08000f61   Thumb Code    48  usb_regs.o(i.ClearDTOG_RX)
    ClearDTOG_TX                             0x08000f95   Thumb Code    48  usb_regs.o(i.ClearDTOG_TX)
    Clear_Status_Out                         0x08000fc9   Thumb Code    34  usb_regs.o(i.Clear_Status_Out)
    Command_Task                             0x080012bd   Thumb Code   122  main.o(i.Command_Task)
    DMA_ClearFlag                            0x08001365   Thumb Code    18  stm32f10x_dma.o(i.DMA_ClearFlag)
    DMA_Cmd                                  0x08001381   Thumb Code    24  stm32f10x_dma.o(i.DMA_Cmd)
    DMA_DeInit                               0x08001399   Thumb Code   324  stm32f10x_dma.o(i.DMA_DeInit)
    DMA_GetFlagStatus                        0x080014e5   Thumb Code    36  stm32f10x_dma.o(i.DMA_GetFlagStatus)
    DMA_Init                                 0x08001511   Thumb Code    60  stm32f10x_dma.o(i.DMA_Init)
    DebugMon_Handler                         0x08001a29   Thumb Code     2  stm32f10x_it.o(i.DebugMon_Handler)
    Delay                                    0x08001a2d   Thumb Code    20  main.o(i.Delay)
    EP1_IN_Callback                          0x08001a45   Thumb Code     8  usb_endp.o(i.EP1_IN_Callback)
    EP2_OUT_Callback                         0x08001a4d   Thumb Code     8  usb_endp.o(i.EP2_OUT_Callback)
    EXTI_ClearITPendingBit                   0x08001a55   Thumb Code     6  stm32f10x_exti.o(i.EXTI_ClearITPendingBit)
    EXTI_Init                                0x08001a61   Thumb Code   142  stm32f10x_exti.o(i.EXTI_Init)
    Enter_LowPowerMode                       0x08001af5   Thumb Code    16  hw_config.o(i.Enter_LowPowerMode)
    GPIO_Configuration                       0x08001cb9   Thumb Code    78  gpio.o(i.GPIO_Configuration)
    GPIO_Init                                0x08001d11   Thumb Code   278  stm32f10x_gpio.o(i.GPIO_Init)
    GPIO_SetBits                             0x08001e27   Thumb Code     4  stm32f10x_gpio.o(i.GPIO_SetBits)
    GetEPRxAddr                              0x08001e2d   Thumb Code    24  usb_regs.o(i.GetEPRxAddr)
    GetEPRxCount                             0x08001e4d   Thumb Code    26  usb_regs.o(i.GetEPRxCount)
    GetEPRxStatus                            0x08001e71   Thumb Code    18  usb_regs.o(i.GetEPRxStatus)
    GetEPTxAddr                              0x08001e89   Thumb Code    22  usb_regs.o(i.GetEPTxAddr)
    Get_Max_Lun                              0x08001ea9   Thumb Code    20  usb_prop.o(i.Get_Max_Lun)
    Get_SYS_TIME_Task                        0x08001ec5   Thumb Code    36  main.o(i.Get_SYS_TIME_Task)
    Get_SerialNum                            0x08001f05   Thumb Code    42  hw_config.o(i.Get_SerialNum)
    HardFault_Handler                        0x08001f39   Thumb Code     4  stm32f10x_it.o(i.HardFault_Handler)
    I2C1_Configuration                       0x08001f3d   Thumb Code   144  i2c.o(i.I2C1_Configuration)
    I2C1_Read_Byte                           0x08001fd9   Thumb Code   274  i2c.o(i.I2C1_Read_Byte)
    I2C_AcknowledgeConfig                    0x080020f9   Thumb Code    24  stm32f10x_i2c.o(i.I2C_AcknowledgeConfig)
    I2C_CheckEvent                           0x08002111   Thumb Code    42  stm32f10x_i2c.o(i.I2C_CheckEvent)
    I2C_Cmd                                  0x0800213b   Thumb Code    24  stm32f10x_i2c.o(i.I2C_Cmd)
    I2C_DeInit                               0x08002155   Thumb Code    50  stm32f10x_i2c.o(i.I2C_DeInit)
    I2C_GenerateSTART                        0x0800218d   Thumb Code    24  stm32f10x_i2c.o(i.I2C_GenerateSTART)
    I2C_GenerateSTOP                         0x080021a5   Thumb Code    24  stm32f10x_i2c.o(i.I2C_GenerateSTOP)
    I2C_GetFlagStatus                        0x080021bd   Thumb Code    58  stm32f10x_i2c.o(i.I2C_GetFlagStatus)
    I2C_Init                                 0x080021f9   Thumb Code   222  stm32f10x_i2c.o(i.I2C_Init)
    I2C_ReceiveData                          0x080022e5   Thumb Code     8  stm32f10x_i2c.o(i.I2C_ReceiveData)
    I2C_Send7bitAddress                      0x080022ed   Thumb Code    18  stm32f10x_i2c.o(i.I2C_Send7bitAddress)
    I2C_SendData                             0x080022ff   Thumb Code     4  stm32f10x_i2c.o(i.I2C_SendData)
    I2C_Write_Byte                           0x08002305   Thumb Code   156  i2c.o(i.I2C_Write_Byte)
    INTX_DISABLE                             0x080023ad   Thumb Code    10  sdcard.o(i.INTX_DISABLE)
    INTX_ENABLE                              0x080023b7   Thumb Code    10  sdcard.o(i.INTX_ENABLE)
    In0_Process                              0x080023c1   Thumb Code    98  usb_core.o(i.In0_Process)
    Init_Hardware                            0x08002431   Thumb Code   102  main.o(i.Init_Hardware)
    Init_LSM303DLH_ACC                       0x0800254d   Thumb Code    54  imu.o(i.Init_LSM303DLH_ACC)
    Init_SysTick                             0x08002585   Thumb Code    68  main.o(i.Init_SysTick)
    IntToUnicode                             0x080025cd   Thumb Code    62  hw_config.o(i.IntToUnicode)
    Internal_RTC_Init                        0x0800260d   Thumb Code   260  rtc.o(i.Internal_RTC_Init)
    Is_Leap_Year                             0x080028b1   Thumb Code    50  rtc.o(i.Is_Leap_Year)
    Leave_LowPowerMode                       0x080028e5   Thumb Code    30  hw_config.o(i.Leave_LowPowerMode)
    Led_RW_OFF                               0x08002929   Thumb Code     2  hw_config.o(i.Led_RW_OFF)
    Led_RW_ON                                0x0800292b   Thumb Code     2  hw_config.o(i.Led_RW_ON)
    MAL_GetStatus                            0x0800292d   Thumb Code    22  mass_mal.o(i.MAL_GetStatus)
    MAL_Read                                 0x08002943   Thumb Code    70  mass_mal.o(i.MAL_Read)
    MAL_Write                                0x08002989   Thumb Code    74  mass_mal.o(i.MAL_Write)
    MASS_Data_Setup                          0x080029d5   Thumb Code    86  usb_prop.o(i.MASS_Data_Setup)
    MASS_GetConfigDescriptor                 0x08002a35   Thumb Code    14  usb_prop.o(i.MASS_GetConfigDescriptor)
    MASS_GetDeviceDescriptor                 0x08002a49   Thumb Code    14  usb_prop.o(i.MASS_GetDeviceDescriptor)
    MASS_GetStringDescriptor                 0x08002a5d   Thumb Code    32  usb_prop.o(i.MASS_GetStringDescriptor)
    MASS_Get_Interface_Setting               0x08002a85   Thumb Code    22  usb_prop.o(i.MASS_Get_Interface_Setting)
    MASS_NoData_Setup                        0x08002a9d   Thumb Code    76  usb_prop.o(i.MASS_NoData_Setup)
    MASS_Reset                               0x08002af9   Thumb Code   208  usb_prop.o(i.MASS_Reset)
    MASS_Status_In                           0x08002be9   Thumb Code     2  usb_prop.o(i.MASS_Status_In)
    MASS_Status_Out                          0x08002beb   Thumb Code     2  usb_prop.o(i.MASS_Status_Out)
    MASS_init                                0x08002bed   Thumb Code    30  usb_prop.o(i.MASS_init)
    Mass_Storage_ClearFeature                0x08002c15   Thumb Code    20  usb_prop.o(i.Mass_Storage_ClearFeature)
    Mass_Storage_In                          0x08002c31   Thumb Code   146  usb_bot.o(i.Mass_Storage_In)
    Mass_Storage_Out                         0x08002cd9   Thumb Code   144  usb_bot.o(i.Mass_Storage_Out)
    Mass_Storage_SetConfiguration            0x08002d85   Thumb Code    36  usb_prop.o(i.Mass_Storage_SetConfiguration)
    Mass_Storage_SetDeviceAddress            0x08002db5   Thumb Code     8  usb_prop.o(i.Mass_Storage_SetDeviceAddress)
    MemManage_Handler                        0x08002dc1   Thumb Code     4  stm32f10x_it.o(i.MemManage_Handler)
    NMI_Handler                              0x08002dc5   Thumb Code     2  stm32f10x_it.o(i.NMI_Handler)
    NOP_Process                              0x08002dc7   Thumb Code     2  usb_core.o(i.NOP_Process)
    NVIC_Init                                0x08002dc9   Thumb Code   100  misc.o(i.NVIC_Init)
    NVIC_PriorityGroupConfig                 0x08002e39   Thumb Code    10  misc.o(i.NVIC_PriorityGroupConfig)
    Out0_Process                             0x08002fad   Thumb Code    70  usb_core.o(i.Out0_Process)
    PMAToUserBufferCopy                      0x08002ffd   Thumb Code    34  usb_mem.o(i.PMAToUserBufferCopy)
    PWM_Output                               0x08003025   Thumb Code   252  timer.o(i.PWM_Output)
    PWR_BackupAccessCmd                      0x08003145   Thumb Code     6  stm32f10x_pwr.o(i.PWR_BackupAccessCmd)
    PendSV_Handler                           0x08003151   Thumb Code     2  stm32f10x_it.o(i.PendSV_Handler)
    Post0_Process                            0x08003155   Thumb Code    54  usb_core.o(i.Post0_Process)
    PowerOn                                  0x0800319d   Thumb Code    54  usb_pwr.o(i.PowerOn)
    RCC_AHBPeriphClockCmd                    0x080031dd   Thumb Code    26  stm32f10x_rcc.o(i.RCC_AHBPeriphClockCmd)
    RCC_APB1PeriphClockCmd                   0x080031fd   Thumb Code    26  stm32f10x_rcc.o(i.RCC_APB1PeriphClockCmd)
    RCC_APB1PeriphResetCmd                   0x0800321d   Thumb Code    26  stm32f10x_rcc.o(i.RCC_APB1PeriphResetCmd)
    RCC_APB2PeriphClockCmd                   0x0800323d   Thumb Code    26  stm32f10x_rcc.o(i.RCC_APB2PeriphClockCmd)
    RCC_APB2PeriphResetCmd                   0x0800325d   Thumb Code    26  stm32f10x_rcc.o(i.RCC_APB2PeriphResetCmd)
    RCC_BackupResetCmd                       0x0800327d   Thumb Code     6  stm32f10x_rcc.o(i.RCC_BackupResetCmd)
    RCC_GetClocksFreq                        0x08003289   Thumb Code   192  stm32f10x_rcc.o(i.RCC_GetClocksFreq)
    RCC_GetFlagStatus                        0x0800335d   Thumb Code    56  stm32f10x_rcc.o(i.RCC_GetFlagStatus)
    RCC_LSEConfig                            0x08003399   Thumb Code    46  stm32f10x_rcc.o(i.RCC_LSEConfig)
    RCC_RTCCLKCmd                            0x080033cd   Thumb Code     6  stm32f10x_rcc.o(i.RCC_RTCCLKCmd)
    RCC_RTCCLKConfig                         0x080033d9   Thumb Code    12  stm32f10x_rcc.o(i.RCC_RTCCLKConfig)
    RCC_USBCLKConfig                         0x080033e9   Thumb Code     6  stm32f10x_rcc.o(i.RCC_USBCLKConfig)
    RTC_ClearITPendingBit                    0x080033f5   Thumb Code    12  stm32f10x_rtc.o(i.RTC_ClearITPendingBit)
    RTC_EnterConfigMode                      0x08003405   Thumb Code    14  stm32f10x_rtc.o(i.RTC_EnterConfigMode)
    RTC_ExitConfigMode                       0x08003419   Thumb Code    16  stm32f10x_rtc.o(i.RTC_ExitConfigMode)
    RTC_Get                                  0x0800342d   Thumb Code   246  rtc.o(i.RTC_Get)
    RTC_GetCounter                           0x08003539   Thumb Code    16  stm32f10x_rtc.o(i.RTC_GetCounter)
    RTC_GetITStatus                          0x0800354d   Thumb Code    32  stm32f10x_rtc.o(i.RTC_GetITStatus)
    RTC_Get_Week                             0x08003571   Thumb Code   138  rtc.o(i.RTC_Get_Week)
    RTC_IRQHandler                           0x080035fd   Thumb Code    80  stm32f10x_it.o(i.RTC_IRQHandler)
    RTC_ITConfig                             0x08003659   Thumb Code    26  stm32f10x_rtc.o(i.RTC_ITConfig)
    RTC_Set                                  0x08003679   Thumb Code   186  rtc.o(i.RTC_Set)
    RTC_SetAlarm                             0x08003745   Thumb Code    24  stm32f10x_rtc.o(i.RTC_SetAlarm)
    RTC_SetCounter                           0x08003761   Thumb Code    24  stm32f10x_rtc.o(i.RTC_SetCounter)
    RTC_SetPrescaler                         0x0800377d   Thumb Code    26  stm32f10x_rtc.o(i.RTC_SetPrescaler)
    RTC_WaitForLastTask                      0x0800379d   Thumb Code    16  stm32f10x_rtc.o(i.RTC_WaitForLastTask)
    RTC_WaitForSynchro                       0x080037b1   Thumb Code    30  stm32f10x_rtc.o(i.RTC_WaitForSynchro)
    Read_ACC_Data_Task                       0x080037d5   Thumb Code   506  imu.o(i.Read_ACC_Data_Task)
    Read_Memory                              0x080039f1   Thumb Code   302  memory.o(i.Read_Memory)
    Resume                                   0x08003b49   Thumb Code   194  usb_pwr.o(i.Resume)
    Resume_Init                              0x08003c19   Thumb Code    30  usb_pwr.o(i.Resume_Init)
    SCSI_Address_Management                  0x08003c3d   Thumb Code   126  usb_scsi.o(i.SCSI_Address_Management)
    SCSI_Format_Cmd                          0x08003cc9   Thumb Code    44  usb_scsi.o(i.SCSI_Format_Cmd)
    SCSI_Inquiry_Cmd                         0x08003cf9   Thumb Code    54  usb_scsi.o(i.SCSI_Inquiry_Cmd)
    SCSI_Invalid_Cmd                         0x08003d41   Thumb Code    64  usb_scsi.o(i.SCSI_Invalid_Cmd)
    SCSI_ModeSense10_Cmd                     0x08003d85   Thumb Code    14  usb_scsi.o(i.SCSI_ModeSense10_Cmd)
    SCSI_ModeSense6_Cmd                      0x08003d99   Thumb Code    14  usb_scsi.o(i.SCSI_ModeSense6_Cmd)
    SCSI_Read10_Cmd                          0x08003dad   Thumb Code   110  usb_scsi.o(i.SCSI_Read10_Cmd)
    SCSI_ReadCapacity10_Cmd                  0x08003e25   Thumb Code   138  usb_scsi.o(i.SCSI_ReadCapacity10_Cmd)
    SCSI_ReadFormatCapacity_Cmd              0x08003ec1   Thumb Code   120  usb_scsi.o(i.SCSI_ReadFormatCapacity_Cmd)
    SCSI_RequestSense_Cmd                    0x08003f49   Thumb Code    30  usb_scsi.o(i.SCSI_RequestSense_Cmd)
    SCSI_Start_Stop_Unit_Cmd                 0x08003f71   Thumb Code    14  usb_scsi.o(i.SCSI_Start_Stop_Unit_Cmd)
    SCSI_TestUnitReady_Cmd                   0x08003f81   Thumb Code    52  usb_scsi.o(i.SCSI_TestUnitReady_Cmd)
    SCSI_Verify10_Cmd                        0x08003fb9   Thumb Code    58  usb_scsi.o(i.SCSI_Verify10_Cmd)
    SCSI_Write10_Cmd                         0x08003ff9   Thumb Code   110  usb_scsi.o(i.SCSI_Write10_Cmd)
    SDIO_ClearFlag                           0x080041cd   Thumb Code     6  stm32f10x_sdio.o(i.SDIO_ClearFlag)
    SDIO_ClockCmd                            0x080041d9   Thumb Code     6  stm32f10x_sdio.o(i.SDIO_ClockCmd)
    SDIO_DMACmd                              0x080041e5   Thumb Code     6  stm32f10x_sdio.o(i.SDIO_DMACmd)
    SDIO_DMA_Configuration                   0x080041f1   Thumb Code    94  sdcard.o(i.SDIO_DMA_Configuration)
    SDIO_DataConfig                          0x08004259   Thumb Code    42  stm32f10x_sdio.o(i.SDIO_DataConfig)
    SDIO_DeInit                              0x08004289   Thumb Code    28  stm32f10x_sdio.o(i.SDIO_DeInit)
    SDIO_GetCommandResponse                  0x080042ad   Thumb Code     8  stm32f10x_sdio.o(i.SDIO_GetCommandResponse)
    SDIO_GetFlagStatus                       0x080042b9   Thumb Code    20  stm32f10x_sdio.o(i.SDIO_GetFlagStatus)
    SDIO_GetPowerState                       0x080042d1   Thumb Code    10  stm32f10x_sdio.o(i.SDIO_GetPowerState)
    SDIO_GetResponse                         0x080042e1   Thumb Code    20  stm32f10x_sdio.o(i.SDIO_GetResponse)
    SDIO_ITConfig                            0x080042f9   Thumb Code    26  stm32f10x_sdio.o(i.SDIO_ITConfig)
    SDIO_Init                                0x08004319   Thumb Code    42  stm32f10x_sdio.o(i.SDIO_Init)
    SDIO_ReadData                            0x08004349   Thumb Code     6  stm32f10x_sdio.o(i.SDIO_ReadData)
    SDIO_SendCommand                         0x08004355   Thumb Code    38  stm32f10x_sdio.o(i.SDIO_SendCommand)
    SDIO_SetPowerState                       0x08004381   Thumb Code    22  stm32f10x_sdio.o(i.SDIO_SetPowerState)
    SDIO_WriteData                           0x0800439d   Thumb Code     6  stm32f10x_sdio.o(i.SDIO_WriteData)
    SD_EnableWideBusOperation                0x080043a9   Thumb Code   140  sdcard.o(i.SD_EnableWideBusOperation)
    SD_FATFS_TEST                            0x0800443d   Thumb Code   348  main.o(i.SD_FATFS_TEST)
    SD_GetCardInfo                           0x080046c1   Thumb Code   706  sdcard.o(i.SD_GetCardInfo)
    SD_Init                                  0x08004995   Thumb Code   416  sdcard.o(i.SD_Init)
    SD_InitializeCards                       0x08004c4d   Thumb Code   348  sdcard.o(i.SD_InitializeCards)
    SD_PowerON                               0x08004dbd   Thumb Code   490  sdcard.o(i.SD_PowerON)
    SD_ReadBlock                             0x08004ffd   Thumb Code   628  sdcard.o(i.SD_ReadBlock)
    SD_ReadDisk                              0x0800533d   Thumb Code   148  sdcard.o(i.SD_ReadDisk)
    SD_ReadMultiBlocks                       0x080053d5   Thumb Code   760  sdcard.o(i.SD_ReadMultiBlocks)
    SD_Read_AND_WriteTest                    0x080056fd   Thumb Code    80  main.o(i.SD_Read_AND_WriteTest)
    SD_SelectDeselect                        0x08005771   Thumb Code    48  sdcard.o(i.SD_SelectDeselect)
    SD_SetDeviceMode                         0x080057a5   Thumb Code    24  sdcard.o(i.SD_SetDeviceMode)
    SD_WriteBlock                            0x080057c1   Thumb Code   856  sdcard.o(i.SD_WriteBlock)
    SD_WriteDisk                             0x08005b45   Thumb Code   148  sdcard.o(i.SD_WriteDisk)
    SD_WriteMultiBlocks                      0x08005bdd   Thumb Code   982  sdcard.o(i.SD_WriteMultiBlocks)
    SVC_Handler                              0x08005fe9   Thumb Code     2  stm32f10x_it.o(i.SVC_Handler)
    SetBTABLE                                0x08005fed   Thumb Code    12  usb_regs.o(i.SetBTABLE)
    SetDeviceAddress                         0x08005ffd   Thumb Code    68  usb_core.o(i.SetDeviceAddress)
    SetEPRxAddr                              0x0800604d   Thumb Code    26  usb_regs.o(i.SetEPRxAddr)
    SetEPRxCount                             0x08006071   Thumb Code    68  usb_regs.o(i.SetEPRxCount)
    SetEPRxStatus                            0x080060bd   Thumb Code    60  usb_regs.o(i.SetEPRxStatus)
    SetEPRxValid                             0x080060fd   Thumb Code    48  usb_regs.o(i.SetEPRxValid)
    SetEPTxAddr                              0x08006131   Thumb Code    24  usb_regs.o(i.SetEPTxAddr)
    SetEPTxCount                             0x08006151   Thumb Code    20  usb_regs.o(i.SetEPTxCount)
    SetEPTxStatus                            0x0800616d   Thumb Code    60  usb_regs.o(i.SetEPTxStatus)
    SetEPType                                0x080061ad   Thumb Code    32  usb_regs.o(i.SetEPType)
    Set_Alarm                                0x080062b9   Thumb Code    86  rtc.o(i.Set_Alarm)
    Set_CSW                                  0x08006315   Thumb Code    46  usb_bot.o(i.Set_CSW)
    Set_Scsi_Sense_Data                      0x08006351   Thumb Code     8  usb_scsi.o(i.Set_Scsi_Sense_Data)
    Set_USBClock                             0x0800635d   Thumb Code    18  hw_config.o(i.Set_USBClock)
    Setup0_Process                           0x08006371   Thumb Code   170  usb_core.o(i.Setup0_Process)
    Standard_ClearFeature                    0x08006429   Thumb Code   342  usb_core.o(i.Standard_ClearFeature)
    Standard_GetConfiguration                0x08006595   Thumb Code    34  usb_core.o(i.Standard_GetConfiguration)
    Standard_GetDescriptorData               0x080065c1   Thumb Code    32  usb_core.o(i.Standard_GetDescriptorData)
    Standard_GetInterface                    0x080065e5   Thumb Code    34  usb_core.o(i.Standard_GetInterface)
    Standard_GetStatus                       0x08006611   Thumb Code   238  usb_core.o(i.Standard_GetStatus)
    Standard_SetConfiguration                0x08006711   Thumb Code    60  usb_core.o(i.Standard_SetConfiguration)
    Standard_SetDeviceFeature                0x08006759   Thumb Code    30  usb_core.o(i.Standard_SetDeviceFeature)
    Standard_SetEndPointFeature              0x08006781   Thumb Code   192  usb_core.o(i.Standard_SetEndPointFeature)
    Standard_SetInterface                    0x08006851   Thumb Code    96  usb_core.o(i.Standard_SetInterface)
    Suspend                                  0x080068bd   Thumb Code   142  usb_pwr.o(i.Suspend)
    SysTick_Handler                          0x08006959   Thumb Code    84  stm32f10x_it.o(i.SysTick_Handler)
    SystemInit                               0x080069c5   Thumb Code    78  system_stm32f10x.o(i.SystemInit)
    TIM4_IRQHandler                          0x08006a25   Thumb Code   108  stm32f10x_it.o(i.TIM4_IRQHandler)
    TIM_ClearITPendingBit                    0x08006aa1   Thumb Code     6  stm32f10x_tim.o(i.TIM_ClearITPendingBit)
    TIM_Cmd                                  0x08006aa7   Thumb Code    24  stm32f10x_tim.o(i.TIM_Cmd)
    TIM_DeInit                               0x08006ac1   Thumb Code   424  stm32f10x_tim.o(i.TIM_DeInit)
    TIM_GetITStatus                          0x08006ca9   Thumb Code    34  stm32f10x_tim.o(i.TIM_GetITStatus)
    Transfer_Data_Request                    0x08006ccd   Thumb Code    46  usb_bot.o(i.Transfer_Data_Request)
    UART2_Configuration                      0x08006d05   Thumb Code   152  uart.o(i.UART2_Configuration)
    USART2_ClearBuf_Flag                     0x08006da5   Thumb Code    18  uart.o(i.USART2_ClearBuf_Flag)
    USART2_GetChar                           0x08006dc5   Thumb Code    28  uart.o(i.USART2_GetChar)
    USART2_GetCharBlock                      0x08006de5   Thumb Code    48  uart.o(i.USART2_GetCharBlock)
    USART2_IRQHandler                        0x08006e19   Thumb Code   100  stm32f10x_it.o(i.USART2_IRQHandler)
    USART_ClearITPendingBit                  0x08006e91   Thumb Code    30  stm32f10x_usart.o(i.USART_ClearITPendingBit)
    USART_Cmd                                0x08006eaf   Thumb Code    24  stm32f10x_usart.o(i.USART_Cmd)
    USART_GetFlagStatus                      0x08006ec7   Thumb Code    26  stm32f10x_usart.o(i.USART_GetFlagStatus)
    USART_GetITStatus                        0x08006ee1   Thumb Code    84  stm32f10x_usart.o(i.USART_GetITStatus)
    USART_ITConfig                           0x08006f35   Thumb Code    74  stm32f10x_usart.o(i.USART_ITConfig)
    USART_Init                               0x08006f81   Thumb Code   210  stm32f10x_usart.o(i.USART_Init)
    USART_PutChar                            0x08007059   Thumb Code    42  uart.o(i.USART_PutChar)
    USART_ReceiveData                        0x08007083   Thumb Code    10  stm32f10x_usart.o(i.USART_ReceiveData)
    USART_SendData                           0x0800708d   Thumb Code     8  stm32f10x_usart.o(i.USART_SendData)
    USBWakeUp_IRQHandler                     0x08007095   Thumb Code    12  hw_config.o(i.USBWakeUp_IRQHandler)
    USB_Cable_Config                         0x080070a1   Thumb Code    22  hw_config.o(i.USB_Cable_Config)
    USB_Init                                 0x080070e9   Thumb Code    36  usb_init.o(i.USB_Init)
    USB_Interrupts_Config                    0x08007125   Thumb Code    84  hw_config.o(i.USB_Interrupts_Config)
    USB_Istr                                 0x08007179   Thumb Code   222  usb_istr.o(i.USB_Istr)
    USB_LP_CAN1_RX0_IRQHandler               0x08007271   Thumb Code     8  hw_config.o(i.USB_LP_CAN1_RX0_IRQHandler)
    USB_NotConfigured_LED                    0x08007279   Thumb Code    10  hw_config.o(i.USB_NotConfigured_LED)
    USB_Port_Set                             0x08007299   Thumb Code    74  hw_config.o(i.USB_Port_Set)
    USB_SIL_Init                             0x080072f1   Thumb Code    28  usb_sil.o(i.USB_SIL_Init)
    USB_SIL_Read                             0x08007315   Thumb Code    46  usb_sil.o(i.USB_SIL_Read)
    USB_SIL_Write                            0x08007343   Thumb Code    46  usb_sil.o(i.USB_SIL_Write)
    UsageFault_Handler                       0x08007371   Thumb Code     4  stm32f10x_it.o(i.UsageFault_Handler)
    UserToPMABufferCopy                      0x08007375   Thumb Code    52  usb_mem.o(i.UserToPMABufferCopy)
    Write_Memory                             0x080073ad   Thumb Code   344  memory.o(i.Write_Memory)
    __0printf                                0x08007535   Thumb Code    22  printfa.o(i.__0printf)
    __1printf                                0x08007535   Thumb Code     0  printfa.o(i.__0printf)
    __2printf                                0x08007535   Thumb Code     0  printfa.o(i.__0printf)
    __c89printf                              0x08007535   Thumb Code     0  printfa.o(i.__0printf)
    printf                                   0x08007535   Thumb Code     0  printfa.o(i.__0printf)
    __ARM_fpclassify                         0x08007555   Thumb Code    40  fpclassify.o(i.__ARM_fpclassify)
    __kernel_poly                            0x0800757d   Thumb Code   170  poly.o(i.__kernel_poly)
    __mathlib_dbl_infnan                     0x08007627   Thumb Code     6  dunder.o(i.__mathlib_dbl_infnan)
    __mathlib_dbl_infnan2                    0x0800762d   Thumb Code     4  dunder.o(i.__mathlib_dbl_infnan2)
    __mathlib_dbl_underflow                  0x08007631   Thumb Code    10  dunder.o(i.__mathlib_dbl_underflow)
    __scatterload_copy                       0x08007641   Thumb Code    14  handlers.o(i.__scatterload_copy)
    __scatterload_null                       0x0800764f   Thumb Code     2  handlers.o(i.__scatterload_null)
    __scatterload_zeroinit                   0x08007651   Thumb Code    14  handlers.o(i.__scatterload_zeroinit)
    __set_errno                              0x08007661   Thumb Code     6  errno.o(i.__set_errno)
    atan                                     0x08007f21   Thumb Code   474  atan.o(i.atan)
    atan2                                    0x08008141   Thumb Code   346  atan2.o(i.atan2)
    clust2sect                               0x08008397   Thumb Code    26  ff.o(i.clust2sect)
    dir_sdi                                  0x08008b17   Thumb Code   158  ff.o(i.dir_sdi)
    disk_initialize                          0x08008bb5   Thumb Code    42  diskio.o(i.disk_initialize)
    disk_ioctl                               0x08008be1   Thumb Code    70  diskio.o(i.disk_ioctl)
    disk_read                                0x08008c2d   Thumb Code    98  diskio.o(i.disk_read)
    disk_status                              0x08008c8f   Thumb Code     6  diskio.o(i.disk_status)
    disk_write                               0x08008c95   Thumb Code    98  diskio.o(i.disk_write)
    f_close                                  0x08008cf7   Thumb Code    32  ff.o(i.f_close)
    f_gets                                   0x08008d17   Thumb Code    82  ff.o(i.f_gets)
    f_lseek                                  0x08008d69   Thumb Code   684  ff.o(i.f_lseek)
    f_mount                                  0x08009015   Thumb Code    86  ff.o(i.f_mount)
    f_open                                   0x08009071   Thumb Code   384  ff.o(i.f_open)
    f_read                                   0x080091f1   Thumb Code   432  ff.o(i.f_read)
    f_sync                                   0x080093a1   Thumb Code   176  ff.o(i.f_sync)
    f_write                                  0x08009451   Thumb Code   490  ff.o(i.f_write)
    ff_convert                               0x0800963d   Thumb Code   116  cc936.o(i.ff_convert)
    ff_memalloc                              0x080096b9   Thumb Code    14  diskio.o(i.ff_memalloc)
    ff_memfree                               0x080096c7   Thumb Code    14  diskio.o(i.ff_memfree)
    ff_wtoupper                              0x080096d5   Thumb Code    46  cc936.o(i.ff_wtoupper)
    fputc                                    0x08009bb1   Thumb Code    18  uart.o(i.fputc)
    get_fat                                  0x08009c95   Thumb Code   242  ff.o(i.get_fat)
    get_fattime                              0x08009d87   Thumb Code     4  diskio.o(i.get_fattime)
    main                                     0x08009df5   Thumb Code   334  main.o(i.main)
    my_mem_free                              0x0800a091   Thumb Code    96  malloc.o(i.my_mem_free)
    my_mem_init                              0x0800a0fd   Thumb Code    54  malloc.o(i.my_mem_init)
    my_mem_malloc                            0x0800a141   Thumb Code   156  malloc.o(i.my_mem_malloc)
    my_mem_perused                           0x0800a1e9   Thumb Code    54  malloc.o(i.my_mem_perused)
    myfree                                   0x0800a229   Thumb Code    30  malloc.o(i.myfree)
    mymalloc                                 0x0800a24d   Thumb Code    34  malloc.o(i.mymalloc)
    mymemset                                 0x0800a275   Thumb Code    20  malloc.o(i.mymemset)
    put_fat                                  0x0800a289   Thumb Code   322  ff.o(i.put_fat)
    sqrt                                     0x0800a437   Thumb Code    76  sqrt.o(i.sqrt)
    table_week                               0x0800a602   Data          12  rtc.o(.constdata)
    mon_table                                0x0800a60e   Data          12  rtc.o(.constdata)
    memtblsize                               0x0800a61c   Data           8  malloc.o(.constdata)
    memblksize                               0x0800a624   Data           8  malloc.o(.constdata)
    memsize                                  0x0800a62c   Data           8  malloc.o(.constdata)
    MASS_DeviceDescriptor                    0x08035336   Data          18  usb_desc.o(.constdata)
    MASS_ConfigDescriptor                    0x08035348   Data          32  usb_desc.o(.constdata)
    MASS_StringLangID                        0x08035368   Data           4  usb_desc.o(.constdata)
    MASS_StringVendor                        0x0803536c   Data          38  usb_desc.o(.constdata)
    MASS_StringProduct                       0x08035392   Data          38  usb_desc.o(.constdata)
    MASS_StringInterface                     0x080353b8   Data          16  usb_desc.o(.constdata)
    __mathlib_zero                           0x08035460   Data           8  qnan.o(.constdata)
    Region$$Table$$Base                      0x08035468   Number         0  anon$$obj.o(Region$$Table)
    Region$$Table$$Limit                     0x08035488   Number         0  anon$$obj.o(Region$$Table)
    SysTick_Count                            0x20000000   Data           4  main.o(.data)
    TimingDelay                              0x20000004   Data           4  main.o(.data)
    RxCounter2                               0x20000008   Data           1  main.o(.data)
    ACC_Flag                                 0x20000009   Data           1  main.o(.data)
    Angle_x                                  0x2000000c   Data           4  main.o(.data)
    Angle_y                                  0x20000010   Data           4  main.o(.data)
    Angle_z                                  0x20000014   Data           4  main.o(.data)
    ltsp                                     0x20000018   Data           4  main.o(.data)
    res                                      0x2000001c   Data           1  main.o(.data)
    bw                                       0x20000020   Data           4  main.o(.data)
    USART2_INTERVAL_TIME                     0x20000024   Data           1  uart.o(.data)
    USART2_CommandLen                        0x20000025   Data           1  uart.o(.data)
    Uart1Flag                                0x20000026   Data           1  uart.o(.data)
    Uart2Flag                                0x20000027   Data           1  uart.o(.data)
    Uart3Flag                                0x20000028   Data           1  uart.o(.data)
    CCR4_Val                                 0x2000002a   Data           2  timer.o(.data)
    CCR4_Val_Add                             0x2000002c   Data           2  timer.o(.data)
    PrescalerValue                           0x2000002e   Data           2  timer.o(.data)
    capture                                  0x20000030   Data           2  timer.o(.data)
    ARR                                      0x20000032   Data           2  timer.o(.data)
    P_Val                                    0x20000034   Data           2  timer.o(.data)
    P_Val_bit                                0x20000036   Data           1  timer.o(.data)
    RTC_SEC_FLAG                             0x20000038   Data           1  rtc.o(.data)
    RTC_Alarm_FLAG                           0x20000039   Data           1  rtc.o(.data)
    Alarm_InterVal                           0x2000003a   Data           1  rtc.o(.data)
    Calendar                                 0x2000003c   Data           8  rtc.o(.data)
    SrcBuffer                                0x2000005c   Data           4  sdcard.o(.data)
    DestBuffer                               0x20000060   Data           4  sdcard.o(.data)
    TransferError                            0x20000064   Data           1  sdcard.o(.data)
    TransferEnd                              0x20000068   Data           4  sdcard.o(.data)
    NumberOfBytes                            0x2000006c   Data           4  sdcard.o(.data)
    mallco_dev                               0x20000070   Data          28  malloc.o(.data)
    SystemCoreClock                          0x200000a0   Data           4  system_stm32f10x.o(.data)
    AHBPrescTable                            0x200000a4   Data          16  system_stm32f10x.o(.data)
    Mass_Memory_Size                         0x200000c0   Data           8  mass_mal.o(.data)
    Mass_Block_Size                          0x200000c8   Data           4  mass_mal.o(.data)
    Mass_Block_Count                         0x200000cc   Data           4  mass_mal.o(.data)
    Block_Read_count                         0x200000d0   Data           4  memory.o(.data)
    Block_offset                             0x200000d4   Data           4  memory.o(.data)
    Counter                                  0x200000d8   Data           4  memory.o(.data)
    Idx                                      0x200000dc   Data           4  memory.o(.data)
    Data_Buffer                              0x200000e0   Data           4  memory.o(.data)
    TransferState                            0x200000e4   Data           1  memory.o(.data)
    USB_STATUS_REG                           0x200000e5   Data           1  memory.o(.data)
    Page00_Inquiry_Data                      0x20000108   Data           5  scsi_data.o(.data)
    Standard_Inquiry_Data                    0x2000010d   Data          36  scsi_data.o(.data)
    Standard_Inquiry_Data2                   0x20000131   Data          36  scsi_data.o(.data)
    Mode_Sense6_data                         0x20000155   Data           4  scsi_data.o(.data)
    Mode_Sense10_data                        0x20000159   Data           8  scsi_data.o(.data)
    Scsi_Sense_Data                          0x20000161   Data          18  scsi_data.o(.data)
    ReadCapacity10_Data                      0x20000173   Data           8  scsi_data.o(.data)
    ReadFormatCapacity_Data                  0x2000017b   Data          12  scsi_data.o(.data)
    Bot_State                                0x20000188   Data           1  usb_bot.o(.data)
    Bulk_Data_Buff                           0x2000018c   Data           4  usb_bot.o(.data)
    Data_Len                                 0x20000190   Data           2  usb_bot.o(.data)
    SCSI_LBA                                 0x20000194   Data           4  usb_bot.o(.data)
    SCSI_BlkLen                              0x20000198   Data           4  usb_bot.o(.data)
    MASS_StringSerial                        0x2000019c   Data          26  usb_desc.o(.data)
    wIstr                                    0x200001b8   Data           2  usb_istr.o(.data)
    bIntPackSOF                              0x200001ba   Data           1  usb_istr.o(.data)
    pEpInt_IN                                0x200001bc   Data          28  usb_istr.o(.data)
    pEpInt_OUT                               0x200001d8   Data          28  usb_istr.o(.data)
    Max_Lun                                  0x200001f4   Data           1  usb_prop.o(.data)
    Device_Table                             0x200001f5   Data           2  usb_prop.o(.data)
    Device_Property                          0x200001f8   Data          48  usb_prop.o(.data)
    User_Standard_Requests                   0x20000228   Data          36  usb_prop.o(.data)
    Device_Descriptor                        0x2000024c   Data           8  usb_prop.o(.data)
    Config_Descriptor                        0x20000254   Data           8  usb_prop.o(.data)
    String_Descriptor                        0x2000025c   Data          40  usb_prop.o(.data)
    bDeviceState                             0x20000284   Data           4  usb_pwr.o(.data)
    fSuspendEnabled                          0x20000288   Data           1  usb_pwr.o(.data)
    ResumeS                                  0x20000289   Data           2  usb_pwr.o(.data)
    remotewakeupon                           0x2000028c   Data           4  usb_pwr.o(.data)
    StatusInfo                               0x20000290   Data           2  usb_core.o(.data)
    Data_Mul_MaxPacketSize                   0x20000292   Data           1  usb_core.o(.data)
    EPindex                                  0x20000294   Data           1  usb_init.o(.data)
    pInformation                             0x20000298   Data           4  usb_init.o(.data)
    pProperty                                0x2000029c   Data           4  usb_init.o(.data)
    SaveState                                0x200002a0   Data           2  usb_init.o(.data)
    wInterrupt_Mask                          0x200002a2   Data           2  usb_init.o(.data)
    pUser_Standard_Requests                  0x200002a4   Data           4  usb_init.o(.data)
    SaveRState                               0x200002a8   Data           2  usb_int.o(.data)
    SaveTState                               0x200002aa   Data           2  usb_int.o(.data)
    __stdout                                 0x200002ac   Data           4  stdout.o(.data)
    USART2_RX                                0x200002b4   Data         512  main.o(.bss)
    fs                                       0x200004b4   Data         560  main.o(.bss)
    fil                                      0x200006e4   Data         552  main.o(.bss)
    DirInf                                   0x2000090c   Data          36  main.o(.bss)
    FA_BUF                                   0x20000930   Data         256  main.o(.bss)
    uart1_rbuf                               0x20000a30   Data         264  uart.o(.bss)
    uart2_rbuf                               0x20000b38   Data         264  uart.o(.bss)
    uart3_rbuf                               0x20000c40   Data         264  uart.o(.bss)
    SDIO_InitStructure                       0x20000d68   Data          24  sdcard.o(.bss)
    SDIO_CmdInitStructure                    0x20000d80   Data          20  sdcard.o(.bss)
    SDIO_DataInitStructure                   0x20000d94   Data          24  sdcard.o(.bss)
    SDCardInfo                               0x20000dac   Data          80  sdcard.o(.bss)
    SDIO_DATA_BUFFER                         0x20000dfc   Data         512  sdcard.o(.bss)
    mem1base                                 0x20001000   Data       40960  malloc.o(.bss)
    mem1mapbase                              0x2000b000   Data        2560  malloc.o(.bss)
    CBW                                      0x2000ba00   Data          32  usb_bot.o(.bss)
    CSW                                      0x2000ba20   Data          16  usb_bot.o(.bss)
    EP                                       0x2000ba30   Data          32  usb_pwr.o(.bss)
    Device_Info                              0x2000ba50   Data          28  usb_init.o(.bss)
    __initial_sp                             0x2000ca70   Data           0  startup_stm32f10x_hd.o(STACK)
    mem2base                                 0x68000000   Data       983040  malloc.o(.ARM.__AT_0x68000000)
    mem2mapbase                              0x680f0000   Data       61440  malloc.o(.ARM.__AT_0x680F0000)



==============================================================================

Memory Map of the image

  Image Entry point : 0x08000131

  Load Region LR_IROM1 (Base: 0x08000000, Size: 0x0003573c, Max: 0x00080000, ABSOLUTE, COMPRESSED[0x00035570])

    Execution Region ER_IROM1 (Exec base: 0x08000000, Load base: 0x08000000, Size: 0x00035488, Max: 0x00080000, ABSOLUTE)

    Exec Addr    Load Addr    Size         Type   Attr      Idx    E Section Name        Object

    0x08000000   0x08000000   0x00000130   Data   RO         3950    RESET               startup_stm32f10x_hd.o
    0x08000130   0x08000130   0x00000000   Code   RO         5566  * .ARM.Collect$$$$00000000  mc_w.l(entry.o)
    0x08000130   0x08000130   0x00000004   Code   RO         5881    .ARM.Collect$$$$00000001  mc_w.l(entry2.o)
    0x08000134   0x08000134   0x00000004   Code   RO         5884    .ARM.Collect$$$$00000004  mc_w.l(entry5.o)
    0x08000138   0x08000138   0x00000000   Code   RO         5886    .ARM.Collect$$$$00000008  mc_w.l(entry7b.o)
    0x08000138   0x08000138   0x00000000   Code   RO         5888    .ARM.Collect$$$$0000000A  mc_w.l(entry8b.o)
    0x08000138   0x08000138   0x00000008   Code   RO         5889    .ARM.Collect$$$$0000000B  mc_w.l(entry9a.o)
    0x08000140   0x08000140   0x00000000   Code   RO         5891    .ARM.Collect$$$$0000000D  mc_w.l(entry10a.o)
    0x08000140   0x08000140   0x00000000   Code   RO         5893    .ARM.Collect$$$$0000000F  mc_w.l(entry11a.o)
    0x08000140   0x08000140   0x00000004   Code   RO         5882    .ARM.Collect$$$$00002712  mc_w.l(entry2.o)
    0x08000144   0x08000144   0x00000024   Code   RO         3951    .text               startup_stm32f10x_hd.o
    0x08000168   0x08000168   0x00000062   Code   RO         5569    .text               mc_w.l(uldiv.o)
    0x080001ca   0x080001ca   0x00000062   Code   RO         5571    .text               mc_w.l(ldiv.o)
    0x0800022c   0x0800022c   0x00000024   Code   RO         5573    .text               mc_w.l(memcpya.o)
    0x08000250   0x08000250   0x00000024   Code   RO         5575    .text               mc_w.l(memseta.o)
    0x08000274   0x08000274   0x0000001e   Code   RO         5577    .text               mc_w.l(strncmp.o)
    0x08000292   0x08000292   0x0000014e   Code   RO         5842    .text               mf_w.l(dadd.o)
    0x080003e0   0x080003e0   0x000000e4   Code   RO         5844    .text               mf_w.l(dmul.o)
    0x080004c4   0x080004c4   0x000000de   Code   RO         5846    .text               mf_w.l(ddiv.o)
    0x080005a2   0x080005a2   0x00000022   Code   RO         5848    .text               mf_w.l(dflti.o)
    0x080005c4   0x080005c4   0x0000001a   Code   RO         5850    .text               mf_w.l(dfltui.o)
    0x080005de   0x080005de   0x00000038   Code   RO         5854    .text               mf_w.l(d2f.o)
    0x08000616   0x08000616   0x0000002c   Code   RO         5896    .text               mc_w.l(uidiv.o)
    0x08000642   0x08000642   0x0000001e   Code   RO         5898    .text               mc_w.l(llshl.o)
    0x08000660   0x08000660   0x00000020   Code   RO         5900    .text               mc_w.l(llushr.o)
    0x08000680   0x08000680   0x00000024   Code   RO         5902    .text               mc_w.l(llsshr.o)
    0x080006a4   0x080006a4   0x00000000   Code   RO         5911    .text               mc_w.l(iusefp.o)
    0x080006a4   0x080006a4   0x0000006e   Code   RO         5912    .text               mf_w.l(fepilogue.o)
    0x08000712   0x08000712   0x000000ba   Code   RO         5914    .text               mf_w.l(depilogue.o)
    0x080007cc   0x080007cc   0x000000a2   Code   RO         5916    .text               mf_w.l(dsqrt.o)
    0x0800086e   0x0800086e   0x00000030   Code   RO         5918    .text               mf_w.l(dfixul.o)
    0x0800089e   0x0800089e   0x00000002   PAD
    0x080008a0   0x080008a0   0x00000030   Code   RO         5922    .text               mf_w.l(cdrcmple.o)
    0x080008d0   0x080008d0   0x00000024   Code   RO         5928    .text               mc_w.l(init.o)
    0x080008f4   0x080008f4   0x0000002e   Code   RO         5930    .text               mf_w.l(dscalb.o)
    0x08000922   0x08000922   0x00000056   Code   RO         5940    .text               mc_w.l(__dczerorl2.o)
    0x08000978   0x08000978   0x00000010   Code   RO         1178    i.BKP_DeInit        stm32f10x_bkp.o
    0x08000988   0x08000988   0x0000001c   Code   RO         1183    i.BKP_ReadBackupRegister  stm32f10x_bkp.o
    0x080009a4   0x080009a4   0x0000001c   Code   RO         1187    i.BKP_WriteBackupRegister  stm32f10x_bkp.o
    0x080009c0   0x080009c0   0x00000040   Code   RO         4625    i.Bot_Abort         usb_bot.o
    0x08000a00   0x08000a00   0x00000004   Code   RO          268    i.BusFault_Handler  stm32f10x_it.o
    0x08000a04   0x08000a04   0x0000000c   Code   RO         5166    i.ByteSwap          usb_regs.o
    0x08000a10   0x08000a10   0x000002c8   Code   RO         4626    i.CBW_Decode        usb_bot.o
    0x08000cd8   0x08000cd8   0x00000288   Code   RO         5119    i.CTR_LP            usb_int.o
    0x08000f60   0x08000f60   0x00000034   Code   RO         5167    i.ClearDTOG_RX      usb_regs.o
    0x08000f94   0x08000f94   0x00000034   Code   RO         5168    i.ClearDTOG_TX      usb_regs.o
    0x08000fc8   0x08000fc8   0x00000028   Code   RO         5173    i.Clear_Status_Out  usb_regs.o
    0x08000ff0   0x08000ff0   0x0000002c   Code   RO          612    i.CmdError          sdcard.o
    0x0800101c   0x0800101c   0x00000134   Code   RO          613    i.CmdResp1Error     sdcard.o
    0x08001150   0x08001150   0x0000004c   Code   RO          614    i.CmdResp2Error     sdcard.o
    0x0800119c   0x0800119c   0x00000038   Code   RO          615    i.CmdResp3Error     sdcard.o
    0x080011d4   0x080011d4   0x0000009c   Code   RO          616    i.CmdResp6Error     sdcard.o
    0x08001270   0x08001270   0x0000004c   Code   RO          617    i.CmdResp7Error     sdcard.o
    0x080012bc   0x080012bc   0x000000a8   Code   RO            1    i.Command_Task      main.o
    0x08001364   0x08001364   0x0000001c   Code   RO         1643    i.DMA_ClearFlag     stm32f10x_dma.o
    0x08001380   0x08001380   0x00000018   Code   RO         1645    i.DMA_Cmd           stm32f10x_dma.o
    0x08001398   0x08001398   0x0000014c   Code   RO         1646    i.DMA_DeInit        stm32f10x_dma.o
    0x080014e4   0x080014e4   0x0000002c   Code   RO         1648    i.DMA_GetFlagStatus  stm32f10x_dma.o
    0x08001510   0x08001510   0x0000003c   Code   RO         1651    i.DMA_Init          stm32f10x_dma.o
    0x0800154c   0x0800154c   0x00000064   Code   RO          618    i.DMA_RxConfiguration  sdcard.o
    0x080015b0   0x080015b0   0x00000064   Code   RO          619    i.DMA_TxConfiguration  sdcard.o
    0x08001614   0x08001614   0x000000c0   Code   RO         4976    i.DataStageIn       usb_core.o
    0x080016d4   0x080016d4   0x000000bc   Code   RO         4977    i.DataStageOut      usb_core.o
    0x08001790   0x08001790   0x00000298   Code   RO         4978    i.Data_Setup0       usb_core.o
    0x08001a28   0x08001a28   0x00000002   Code   RO          269    i.DebugMon_Handler  stm32f10x_it.o
    0x08001a2a   0x08001a2a   0x00000002   PAD
    0x08001a2c   0x08001a2c   0x00000018   Code   RO            2    i.Delay             main.o
    0x08001a44   0x08001a44   0x00000008   Code   RO         4689    i.EP1_IN_Callback   usb_endp.o
    0x08001a4c   0x08001a4c   0x00000008   Code   RO         4690    i.EP2_OUT_Callback  usb_endp.o
    0x08001a54   0x08001a54   0x0000000c   Code   RO         1716    i.EXTI_ClearITPendingBit  stm32f10x_exti.o
    0x08001a60   0x08001a60   0x00000094   Code   RO         1721    i.EXTI_Init         stm32f10x_exti.o
    0x08001af4   0x08001af4   0x00000030   Code   RO         4395    i.Enter_LowPowerMode  hw_config.o
    0x08001b24   0x08001b24   0x00000194   Code   RO          620    i.FindSCR           sdcard.o
    0x08001cb8   0x08001cb8   0x00000058   Code   RO          442    i.GPIO_Configuration  gpio.o
    0x08001d10   0x08001d10   0x00000116   Code   RO         2069    i.GPIO_Init         stm32f10x_gpio.o
    0x08001e26   0x08001e26   0x00000004   Code   RO         2077    i.GPIO_SetBits      stm32f10x_gpio.o
    0x08001e2a   0x08001e2a   0x00000002   PAD
    0x08001e2c   0x08001e2c   0x00000020   Code   RO         5185    i.GetEPRxAddr       usb_regs.o
    0x08001e4c   0x08001e4c   0x00000024   Code   RO         5186    i.GetEPRxCount      usb_regs.o
    0x08001e70   0x08001e70   0x00000018   Code   RO         5187    i.GetEPRxStatus     usb_regs.o
    0x08001e88   0x08001e88   0x00000020   Code   RO         5188    i.GetEPTxAddr       usb_regs.o
    0x08001ea8   0x08001ea8   0x0000001c   Code   RO         4725    i.Get_Max_Lun       usb_prop.o
    0x08001ec4   0x08001ec4   0x00000040   Code   RO            3    i.Get_SYS_TIME_Task  main.o
    0x08001f04   0x08001f04   0x00000034   Code   RO         4396    i.Get_SerialNum     hw_config.o
    0x08001f38   0x08001f38   0x00000004   Code   RO          270    i.HardFault_Handler  stm32f10x_it.o
    0x08001f3c   0x08001f3c   0x0000009c   Code   RO          502    i.I2C1_Configuration  i2c.o
    0x08001fd8   0x08001fd8   0x00000120   Code   RO          504    i.I2C1_Read_Byte    i2c.o
    0x080020f8   0x080020f8   0x00000018   Code   RO         2178    i.I2C_AcknowledgeConfig  stm32f10x_i2c.o
    0x08002110   0x08002110   0x0000002a   Code   RO         2180    i.I2C_CheckEvent    stm32f10x_i2c.o
    0x0800213a   0x0800213a   0x00000018   Code   RO         2183    i.I2C_Cmd           stm32f10x_i2c.o
    0x08002152   0x08002152   0x00000002   PAD
    0x08002154   0x08002154   0x00000038   Code   RO         2186    i.I2C_DeInit        stm32f10x_i2c.o
    0x0800218c   0x0800218c   0x00000018   Code   RO         2190    i.I2C_GenerateSTART  stm32f10x_i2c.o
    0x080021a4   0x080021a4   0x00000018   Code   RO         2191    i.I2C_GenerateSTOP  stm32f10x_i2c.o
    0x080021bc   0x080021bc   0x0000003a   Code   RO         2192    i.I2C_GetFlagStatus  stm32f10x_i2c.o
    0x080021f6   0x080021f6   0x00000002   PAD
    0x080021f8   0x080021f8   0x000000ec   Code   RO         2197    i.I2C_Init          stm32f10x_i2c.o
    0x080022e4   0x080022e4   0x00000008   Code   RO         2202    i.I2C_ReceiveData   stm32f10x_i2c.o
    0x080022ec   0x080022ec   0x00000012   Code   RO         2204    i.I2C_Send7bitAddress  stm32f10x_i2c.o
    0x080022fe   0x080022fe   0x00000004   Code   RO         2205    i.I2C_SendData      stm32f10x_i2c.o
    0x08002302   0x08002302   0x00000002   PAD
    0x08002304   0x08002304   0x000000a8   Code   RO          506    i.I2C_Write_Byte    i2c.o
    0x080023ac   0x080023ac   0x0000000a   Code   RO          621    i.INTX_DISABLE      sdcard.o
    0x080023b6   0x080023b6   0x0000000a   Code   RO          622    i.INTX_ENABLE       sdcard.o
    0x080023c0   0x080023c0   0x00000070   Code   RO         4979    i.In0_Process       usb_core.o
    0x08002430   0x08002430   0x0000011c   Code   RO            4    i.Init_Hardware     main.o
    0x0800254c   0x0800254c   0x00000036   Code   RO          538    i.Init_LSM303DLH_ACC  imu.o
    0x08002582   0x08002582   0x00000002   PAD
    0x08002584   0x08002584   0x00000048   Code   RO            5    i.Init_SysTick      main.o
    0x080025cc   0x080025cc   0x0000003e   Code   RO         4397    i.IntToUnicode      hw_config.o
    0x0800260a   0x0800260a   0x00000002   PAD
    0x0800260c   0x0800260c   0x00000108   Code   RO          562    i.Internal_RTC_Init  rtc.o
    0x08002714   0x08002714   0x0000019c   Code   RO          623    i.IsCardProgramming  sdcard.o
    0x080028b0   0x080028b0   0x00000032   Code   RO          563    i.Is_Leap_Year      rtc.o
    0x080028e2   0x080028e2   0x00000002   PAD
    0x080028e4   0x080028e4   0x00000044   Code   RO         4398    i.Leave_LowPowerMode  hw_config.o
    0x08002928   0x08002928   0x00000002   Code   RO         4400    i.Led_RW_OFF        hw_config.o
    0x0800292a   0x0800292a   0x00000002   Code   RO         4401    i.Led_RW_ON         hw_config.o
    0x0800292c   0x0800292c   0x00000016   Code   RO         4534    i.MAL_GetStatus     mass_mal.o
    0x08002942   0x08002942   0x00000046   Code   RO         4536    i.MAL_Read          mass_mal.o
    0x08002988   0x08002988   0x0000004a   Code   RO         4537    i.MAL_Write         mass_mal.o
    0x080029d2   0x080029d2   0x00000002   PAD
    0x080029d4   0x080029d4   0x00000060   Code   RO         4726    i.MASS_Data_Setup   usb_prop.o
    0x08002a34   0x08002a34   0x00000014   Code   RO         4727    i.MASS_GetConfigDescriptor  usb_prop.o
    0x08002a48   0x08002a48   0x00000014   Code   RO         4728    i.MASS_GetDeviceDescriptor  usb_prop.o
    0x08002a5c   0x08002a5c   0x00000028   Code   RO         4729    i.MASS_GetStringDescriptor  usb_prop.o
    0x08002a84   0x08002a84   0x00000016   Code   RO         4730    i.MASS_Get_Interface_Setting  usb_prop.o
    0x08002a9a   0x08002a9a   0x00000002   PAD
    0x08002a9c   0x08002a9c   0x0000005c   Code   RO         4731    i.MASS_NoData_Setup  usb_prop.o
    0x08002af8   0x08002af8   0x000000f0   Code   RO         4732    i.MASS_Reset        usb_prop.o
    0x08002be8   0x08002be8   0x00000002   Code   RO         4733    i.MASS_Status_In    usb_prop.o
    0x08002bea   0x08002bea   0x00000002   Code   RO         4734    i.MASS_Status_Out   usb_prop.o
    0x08002bec   0x08002bec   0x00000028   Code   RO         4735    i.MASS_init         usb_prop.o
    0x08002c14   0x08002c14   0x0000001c   Code   RO         4736    i.Mass_Storage_ClearFeature  usb_prop.o
    0x08002c30   0x08002c30   0x000000a8   Code   RO         4627    i.Mass_Storage_In   usb_bot.o
    0x08002cd8   0x08002cd8   0x000000ac   Code   RO         4628    i.Mass_Storage_Out  usb_bot.o
    0x08002d84   0x08002d84   0x00000030   Code   RO         4737    i.Mass_Storage_SetConfiguration  usb_prop.o
    0x08002db4   0x08002db4   0x0000000c   Code   RO         4738    i.Mass_Storage_SetDeviceAddress  usb_prop.o
    0x08002dc0   0x08002dc0   0x00000004   Code   RO          271    i.MemManage_Handler  stm32f10x_it.o
    0x08002dc4   0x08002dc4   0x00000002   Code   RO          272    i.NMI_Handler       stm32f10x_it.o
    0x08002dc6   0x08002dc6   0x00000002   Code   RO         4980    i.NOP_Process       usb_core.o
    0x08002dc8   0x08002dc8   0x00000070   Code   RO          918    i.NVIC_Init         misc.o
    0x08002e38   0x08002e38   0x00000014   Code   RO          919    i.NVIC_PriorityGroupConfig  misc.o
    0x08002e4c   0x08002e4c   0x00000028   Code   RO            6    i.NVIC_SetPriority  main.o
    0x08002e74   0x08002e74   0x00000138   Code   RO         4981    i.NoData_Setup0     usb_core.o
    0x08002fac   0x08002fac   0x00000050   Code   RO         4982    i.Out0_Process      usb_core.o
    0x08002ffc   0x08002ffc   0x00000028   Code   RO         5148    i.PMAToUserBufferCopy  usb_mem.o
    0x08003024   0x08003024   0x00000120   Code   RO          455    i.PWM_Output        timer.o
    0x08003144   0x08003144   0x0000000c   Code   RO         2423    i.PWR_BackupAccessCmd  stm32f10x_pwr.o
    0x08003150   0x08003150   0x00000002   Code   RO          273    i.PendSV_Handler    stm32f10x_it.o
    0x08003152   0x08003152   0x00000002   PAD
    0x08003154   0x08003154   0x00000048   Code   RO         4983    i.Post0_Process     usb_core.o
    0x0800319c   0x0800319c   0x00000040   Code   RO         4831    i.PowerOn           usb_pwr.o
    0x080031dc   0x080031dc   0x00000020   Code   RO         2484    i.RCC_AHBPeriphClockCmd  stm32f10x_rcc.o
    0x080031fc   0x080031fc   0x00000020   Code   RO         2485    i.RCC_APB1PeriphClockCmd  stm32f10x_rcc.o
    0x0800321c   0x0800321c   0x00000020   Code   RO         2486    i.RCC_APB1PeriphResetCmd  stm32f10x_rcc.o
    0x0800323c   0x0800323c   0x00000020   Code   RO         2487    i.RCC_APB2PeriphClockCmd  stm32f10x_rcc.o
    0x0800325c   0x0800325c   0x00000020   Code   RO         2488    i.RCC_APB2PeriphResetCmd  stm32f10x_rcc.o
    0x0800327c   0x0800327c   0x0000000c   Code   RO         2490    i.RCC_BackupResetCmd  stm32f10x_rcc.o
    0x08003288   0x08003288   0x000000d4   Code   RO         2495    i.RCC_GetClocksFreq  stm32f10x_rcc.o
    0x0800335c   0x0800335c   0x0000003c   Code   RO         2496    i.RCC_GetFlagStatus  stm32f10x_rcc.o
    0x08003398   0x08003398   0x00000034   Code   RO         2503    i.RCC_LSEConfig     stm32f10x_rcc.o
    0x080033cc   0x080033cc   0x0000000c   Code   RO         2510    i.RCC_RTCCLKCmd     stm32f10x_rcc.o
    0x080033d8   0x080033d8   0x00000010   Code   RO         2511    i.RCC_RTCCLKConfig  stm32f10x_rcc.o
    0x080033e8   0x080033e8   0x0000000c   Code   RO         2513    i.RCC_USBCLKConfig  stm32f10x_rcc.o
    0x080033f4   0x080033f4   0x00000010   Code   RO         2684    i.RTC_ClearITPendingBit  stm32f10x_rtc.o
    0x08003404   0x08003404   0x00000014   Code   RO         2685    i.RTC_EnterConfigMode  stm32f10x_rtc.o
    0x08003418   0x08003418   0x00000014   Code   RO         2686    i.RTC_ExitConfigMode  stm32f10x_rtc.o
    0x0800342c   0x0800342c   0x0000010c   Code   RO          564    i.RTC_Get           rtc.o
    0x08003538   0x08003538   0x00000014   Code   RO         2687    i.RTC_GetCounter    stm32f10x_rtc.o
    0x0800354c   0x0800354c   0x00000024   Code   RO         2690    i.RTC_GetITStatus   stm32f10x_rtc.o
    0x08003570   0x08003570   0x0000008a   Code   RO          565    i.RTC_Get_Week      rtc.o
    0x080035fa   0x080035fa   0x00000002   PAD
    0x080035fc   0x080035fc   0x0000005c   Code   RO          274    i.RTC_IRQHandler    stm32f10x_it.o
    0x08003658   0x08003658   0x00000020   Code   RO         2691    i.RTC_ITConfig      stm32f10x_rtc.o
    0x08003678   0x08003678   0x000000cc   Code   RO          566    i.RTC_Set           rtc.o
    0x08003744   0x08003744   0x0000001c   Code   RO         2692    i.RTC_SetAlarm      stm32f10x_rtc.o
    0x08003760   0x08003760   0x0000001c   Code   RO         2693    i.RTC_SetCounter    stm32f10x_rtc.o
    0x0800377c   0x0800377c   0x00000020   Code   RO         2694    i.RTC_SetPrescaler  stm32f10x_rtc.o
    0x0800379c   0x0800379c   0x00000014   Code   RO         2695    i.RTC_WaitForLastTask  stm32f10x_rtc.o
    0x080037b0   0x080037b0   0x00000024   Code   RO         2696    i.RTC_WaitForSynchro  stm32f10x_rtc.o
    0x080037d4   0x080037d4   0x0000021c   Code   RO          540    i.Read_ACC_Data_Task  imu.o
    0x080039f0   0x080039f0   0x00000158   Code   RO         4573    i.Read_Memory       memory.o
    0x08003b48   0x08003b48   0x000000d0   Code   RO         4832    i.Resume            usb_pwr.o
    0x08003c18   0x08003c18   0x00000024   Code   RO         4833    i.Resume_Init       usb_pwr.o
    0x08003c3c   0x08003c3c   0x0000008c   Code   RO         4873    i.SCSI_Address_Management  usb_scsi.o
    0x08003cc8   0x08003cc8   0x00000030   Code   RO         4874    i.SCSI_Format_Cmd   usb_scsi.o
    0x08003cf8   0x08003cf8   0x00000048   Code   RO         4875    i.SCSI_Inquiry_Cmd  usb_scsi.o
    0x08003d40   0x08003d40   0x00000044   Code   RO         4876    i.SCSI_Invalid_Cmd  usb_scsi.o
    0x08003d84   0x08003d84   0x00000014   Code   RO         4877    i.SCSI_ModeSense10_Cmd  usb_scsi.o
    0x08003d98   0x08003d98   0x00000014   Code   RO         4878    i.SCSI_ModeSense6_Cmd  usb_scsi.o
    0x08003dac   0x08003dac   0x00000078   Code   RO         4879    i.SCSI_Read10_Cmd   usb_scsi.o
    0x08003e24   0x08003e24   0x0000009c   Code   RO         4880    i.SCSI_ReadCapacity10_Cmd  usb_scsi.o
    0x08003ec0   0x08003ec0   0x00000088   Code   RO         4881    i.SCSI_ReadFormatCapacity_Cmd  usb_scsi.o
    0x08003f48   0x08003f48   0x00000028   Code   RO         4882    i.SCSI_RequestSense_Cmd  usb_scsi.o
    0x08003f70   0x08003f70   0x0000000e   Code   RO         4883    i.SCSI_Start_Stop_Unit_Cmd  usb_scsi.o
    0x08003f7e   0x08003f7e   0x00000002   PAD
    0x08003f80   0x08003f80   0x00000038   Code   RO         4884    i.SCSI_TestUnitReady_Cmd  usb_scsi.o
    0x08003fb8   0x08003fb8   0x00000040   Code   RO         4886    i.SCSI_Verify10_Cmd  usb_scsi.o
    0x08003ff8   0x08003ff8   0x00000078   Code   RO         4887    i.SCSI_Write10_Cmd  usb_scsi.o
    0x08004070   0x08004070   0x00000040   Code   RO          624    i.SDCard_IO_Configuration  sdcard.o
    0x080040b0   0x080040b0   0x0000011c   Code   RO          625    i.SDEnWideBus       sdcard.o
    0x080041cc   0x080041cc   0x0000000c   Code   RO         2774    i.SDIO_ClearFlag    stm32f10x_sdio.o
    0x080041d8   0x080041d8   0x0000000c   Code   RO         2776    i.SDIO_ClockCmd     stm32f10x_sdio.o
    0x080041e4   0x080041e4   0x0000000c   Code   RO         2779    i.SDIO_DMACmd       stm32f10x_sdio.o
    0x080041f0   0x080041f0   0x00000068   Code   RO          627    i.SDIO_DMA_Configuration  sdcard.o
    0x08004258   0x08004258   0x00000030   Code   RO         2780    i.SDIO_DataConfig   stm32f10x_sdio.o
    0x08004288   0x08004288   0x00000024   Code   RO         2782    i.SDIO_DeInit       stm32f10x_sdio.o
    0x080042ac   0x080042ac   0x0000000c   Code   RO         2783    i.SDIO_GetCommandResponse  stm32f10x_sdio.o
    0x080042b8   0x080042b8   0x00000018   Code   RO         2786    i.SDIO_GetFlagStatus  stm32f10x_sdio.o
    0x080042d0   0x080042d0   0x00000010   Code   RO         2788    i.SDIO_GetPowerState  stm32f10x_sdio.o
    0x080042e0   0x080042e0   0x00000018   Code   RO         2789    i.SDIO_GetResponse  stm32f10x_sdio.o
    0x080042f8   0x080042f8   0x00000020   Code   RO         2790    i.SDIO_ITConfig     stm32f10x_sdio.o
    0x08004318   0x08004318   0x00000030   Code   RO         2791    i.SDIO_Init         stm32f10x_sdio.o
    0x08004348   0x08004348   0x0000000c   Code   RO         2792    i.SDIO_ReadData     stm32f10x_sdio.o
    0x08004354   0x08004354   0x0000002c   Code   RO         2794    i.SDIO_SendCommand  stm32f10x_sdio.o
    0x08004380   0x08004380   0x0000001c   Code   RO         2796    i.SDIO_SetPowerState  stm32f10x_sdio.o
    0x0800439c   0x0800439c   0x0000000c   Code   RO         2802    i.SDIO_WriteData    stm32f10x_sdio.o
    0x080043a8   0x080043a8   0x00000094   Code   RO          628    i.SD_EnableWideBusOperation  sdcard.o
    0x0800443c   0x0800443c   0x00000284   Code   RO            7    i.SD_FATFS_TEST     main.o
    0x080046c0   0x080046c0   0x000002d4   Code   RO          630    i.SD_GetCardInfo    sdcard.o
    0x08004994   0x08004994   0x000002b8   Code   RO          632    i.SD_Init           sdcard.o
    0x08004c4c   0x08004c4c   0x00000170   Code   RO          633    i.SD_InitializeCards  sdcard.o
    0x08004dbc   0x08004dbc   0x00000240   Code   RO          635    i.SD_PowerON        sdcard.o
    0x08004ffc   0x08004ffc   0x00000340   Code   RO          637    i.SD_ReadBlock      sdcard.o
    0x0800533c   0x0800533c   0x00000098   Code   RO          638    i.SD_ReadDisk       sdcard.o
    0x080053d4   0x080053d4   0x00000328   Code   RO          639    i.SD_ReadMultiBlocks  sdcard.o
    0x080056fc   0x080056fc   0x00000074   Code   RO            8    i.SD_Read_AND_WriteTest  main.o
    0x08005770   0x08005770   0x00000034   Code   RO          640    i.SD_SelectDeselect  sdcard.o
    0x080057a4   0x080057a4   0x0000001c   Code   RO          643    i.SD_SetDeviceMode  sdcard.o
    0x080057c0   0x080057c0   0x00000384   Code   RO          645    i.SD_WriteBlock     sdcard.o
    0x08005b44   0x08005b44   0x00000098   Code   RO          646    i.SD_WriteDisk      sdcard.o
    0x08005bdc   0x08005bdc   0x0000040c   Code   RO          647    i.SD_WriteMultiBlocks  sdcard.o
    0x08005fe8   0x08005fe8   0x00000002   Code   RO          275    i.SVC_Handler       stm32f10x_it.o
    0x08005fea   0x08005fea   0x00000002   PAD
    0x08005fec   0x08005fec   0x00000010   Code   RO         5196    i.SetBTABLE         usb_regs.o
    0x08005ffc   0x08005ffc   0x00000050   Code   RO         4984    i.SetDeviceAddress  usb_core.o
    0x0800604c   0x0800604c   0x00000024   Code   RO         5210    i.SetEPRxAddr       usb_regs.o
    0x08006070   0x08006070   0x0000004c   Code   RO         5211    i.SetEPRxCount      usb_regs.o
    0x080060bc   0x080060bc   0x00000040   Code   RO         5212    i.SetEPRxStatus     usb_regs.o
    0x080060fc   0x080060fc   0x00000034   Code   RO         5213    i.SetEPRxValid      usb_regs.o
    0x08006130   0x08006130   0x00000020   Code   RO         5214    i.SetEPTxAddr       usb_regs.o
    0x08006150   0x08006150   0x0000001c   Code   RO         5215    i.SetEPTxCount      usb_regs.o
    0x0800616c   0x0800616c   0x00000040   Code   RO         5216    i.SetEPTxStatus     usb_regs.o
    0x080061ac   0x080061ac   0x00000024   Code   RO         5218    i.SetEPType         usb_regs.o
    0x080061d0   0x080061d0   0x00000008   Code   RO         3895    i.SetSysClock       system_stm32f10x.o
    0x080061d8   0x080061d8   0x000000e0   Code   RO         3896    i.SetSysClockTo72   system_stm32f10x.o
    0x080062b8   0x080062b8   0x0000005c   Code   RO          567    i.Set_Alarm         rtc.o
    0x08006314   0x08006314   0x0000003c   Code   RO         4629    i.Set_CSW           usb_bot.o
    0x08006350   0x08006350   0x0000000c   Code   RO         4888    i.Set_Scsi_Sense_Data  usb_scsi.o
    0x0800635c   0x0800635c   0x00000012   Code   RO         4402    i.Set_USBClock      hw_config.o
    0x0800636e   0x0800636e   0x00000002   PAD
    0x08006370   0x08006370   0x000000b8   Code   RO         4985    i.Setup0_Process    usb_core.o
    0x08006428   0x08006428   0x0000016c   Code   RO         4986    i.Standard_ClearFeature  usb_core.o
    0x08006594   0x08006594   0x0000002c   Code   RO         4987    i.Standard_GetConfiguration  usb_core.o
    0x080065c0   0x080065c0   0x00000024   Code   RO         4988    i.Standard_GetDescriptorData  usb_core.o
    0x080065e4   0x080065e4   0x0000002c   Code   RO         4989    i.Standard_GetInterface  usb_core.o
    0x08006610   0x08006610   0x00000100   Code   RO         4990    i.Standard_GetStatus  usb_core.o
    0x08006710   0x08006710   0x00000048   Code   RO         4991    i.Standard_SetConfiguration  usb_core.o
    0x08006758   0x08006758   0x00000028   Code   RO         4992    i.Standard_SetDeviceFeature  usb_core.o
    0x08006780   0x08006780   0x000000d0   Code   RO         4993    i.Standard_SetEndPointFeature  usb_core.o
    0x08006850   0x08006850   0x0000006c   Code   RO         4994    i.Standard_SetInterface  usb_core.o
    0x080068bc   0x080068bc   0x0000009c   Code   RO         4834    i.Suspend           usb_pwr.o
    0x08006958   0x08006958   0x0000006c   Code   RO          276    i.SysTick_Handler   stm32f10x_it.o
    0x080069c4   0x080069c4   0x00000060   Code   RO         3898    i.SystemInit        system_stm32f10x.o
    0x08006a24   0x08006a24   0x0000007c   Code   RO          277    i.TIM4_IRQHandler   stm32f10x_it.o
    0x08006aa0   0x08006aa0   0x00000006   Code   RO         3114    i.TIM_ClearITPendingBit  stm32f10x_tim.o
    0x08006aa6   0x08006aa6   0x00000018   Code   RO         3119    i.TIM_Cmd           stm32f10x_tim.o
    0x08006abe   0x08006abe   0x00000002   PAD
    0x08006ac0   0x08006ac0   0x000001e8   Code   RO         3124    i.TIM_DeInit        stm32f10x_tim.o
    0x08006ca8   0x08006ca8   0x00000022   Code   RO         3140    i.TIM_GetITStatus   stm32f10x_tim.o
    0x08006cca   0x08006cca   0x00000002   PAD
    0x08006ccc   0x08006ccc   0x00000038   Code   RO         4630    i.Transfer_Data_Request  usb_bot.o
    0x08006d04   0x08006d04   0x000000a0   Code   RO          357    i.UART2_Configuration  uart.o
    0x08006da4   0x08006da4   0x00000020   Code   RO          360    i.USART2_ClearBuf_Flag  uart.o
    0x08006dc4   0x08006dc4   0x00000020   Code   RO          361    i.USART2_GetChar    uart.o
    0x08006de4   0x08006de4   0x00000034   Code   RO          362    i.USART2_GetCharBlock  uart.o
    0x08006e18   0x08006e18   0x00000078   Code   RO          278    i.USART2_IRQHandler  stm32f10x_it.o
    0x08006e90   0x08006e90   0x0000001e   Code   RO         3652    i.USART_ClearITPendingBit  stm32f10x_usart.o
    0x08006eae   0x08006eae   0x00000018   Code   RO         3655    i.USART_Cmd         stm32f10x_usart.o
    0x08006ec6   0x08006ec6   0x0000001a   Code   RO         3658    i.USART_GetFlagStatus  stm32f10x_usart.o
    0x08006ee0   0x08006ee0   0x00000054   Code   RO         3659    i.USART_GetITStatus  stm32f10x_usart.o
    0x08006f34   0x08006f34   0x0000004a   Code   RO         3661    i.USART_ITConfig    stm32f10x_usart.o
    0x08006f7e   0x08006f7e   0x00000002   PAD
    0x08006f80   0x08006f80   0x000000d8   Code   RO         3662    i.USART_Init        stm32f10x_usart.o
    0x08007058   0x08007058   0x0000002a   Code   RO          365    i.USART_PutChar     uart.o
    0x08007082   0x08007082   0x0000000a   Code   RO         3669    i.USART_ReceiveData  stm32f10x_usart.o
    0x0800708c   0x0800708c   0x00000008   Code   RO         3672    i.USART_SendData    stm32f10x_usart.o
    0x08007094   0x08007094   0x0000000c   Code   RO         4403    i.USBWakeUp_IRQHandler  hw_config.o
    0x080070a0   0x080070a0   0x00000048   Code   RO         4404    i.USB_Cable_Config  hw_config.o
    0x080070e8   0x080070e8   0x0000003c   Code   RO         5095    i.USB_Init          usb_init.o
    0x08007124   0x08007124   0x00000054   Code   RO         4406    i.USB_Interrupts_Config  hw_config.o
    0x08007178   0x08007178   0x000000f8   Code   RO         4707    i.USB_Istr          usb_istr.o
    0x08007270   0x08007270   0x00000008   Code   RO         4407    i.USB_LP_CAN1_RX0_IRQHandler  hw_config.o
    0x08007278   0x08007278   0x00000020   Code   RO         4408    i.USB_NotConfigured_LED  hw_config.o
    0x08007298   0x08007298   0x00000058   Code   RO         4409    i.USB_Port_Set      hw_config.o
    0x080072f0   0x080072f0   0x00000024   Code   RO         5526    i.USB_SIL_Init      usb_sil.o
    0x08007314   0x08007314   0x0000002e   Code   RO         5527    i.USB_SIL_Read      usb_sil.o
    0x08007342   0x08007342   0x0000002e   Code   RO         5528    i.USB_SIL_Write     usb_sil.o
    0x08007370   0x08007370   0x00000004   Code   RO          279    i.UsageFault_Handler  stm32f10x_it.o
    0x08007374   0x08007374   0x00000038   Code   RO         5149    i.UserToPMABufferCopy  usb_mem.o
    0x080073ac   0x080073ac   0x00000188   Code   RO         4574    i.Write_Memory      memory.o
    0x08007534   0x08007534   0x00000020   Code   RO         5814    i.__0printf         mc_w.l(printfa.o)
    0x08007554   0x08007554   0x00000028   Code   RO         5924    i.__ARM_fpclassify  m_ws.l(fpclassify.o)
    0x0800757c   0x0800757c   0x000000aa   Code   RO         5926    i.__kernel_poly     m_ws.l(poly.o)
    0x08007626   0x08007626   0x00000006   Code   RO         5867    i.__mathlib_dbl_infnan  m_ws.l(dunder.o)
    0x0800762c   0x0800762c   0x00000004   Code   RO         5868    i.__mathlib_dbl_infnan2  m_ws.l(dunder.o)
    0x08007630   0x08007630   0x00000010   Code   RO         5872    i.__mathlib_dbl_underflow  m_ws.l(dunder.o)
    0x08007640   0x08007640   0x0000000e   Code   RO         5934    i.__scatterload_copy  mc_w.l(handlers.o)
    0x0800764e   0x0800764e   0x00000002   Code   RO         5935    i.__scatterload_null  mc_w.l(handlers.o)
    0x08007650   0x08007650   0x0000000e   Code   RO         5936    i.__scatterload_zeroinit  mc_w.l(handlers.o)
    0x0800765e   0x0800765e   0x00000002   PAD
    0x08007660   0x08007660   0x0000000c   Code   RO         5906    i.__set_errno       mc_w.l(errno.o)
    0x0800766c   0x0800766c   0x00000184   Code   RO         5821    i._fp_digits        mc_w.l(printfa.o)
    0x080077f0   0x080077f0   0x000006dc   Code   RO         5822    i._printf_core      mc_w.l(printfa.o)
    0x08007ecc   0x08007ecc   0x00000024   Code   RO         5823    i._printf_post_padding  mc_w.l(printfa.o)
    0x08007ef0   0x08007ef0   0x0000002e   Code   RO         5824    i._printf_pre_padding  mc_w.l(printfa.o)
    0x08007f1e   0x08007f1e   0x00000002   PAD
    0x08007f20   0x08007f20   0x00000220   Code   RO         5857    i.atan              m_ws.l(atan.o)
    0x08008140   0x08008140   0x00000180   Code   RO         5551    i.atan2             m_ws.l(atan2.o)
    0x080082c0   0x080082c0   0x00000090   Code   RO         4019    i.check_fs          ff.o
    0x08008350   0x08008350   0x00000014   Code   RO         4020    i.chk_chr           ff.o
    0x08008364   0x08008364   0x00000032   Code   RO         4021    i.clmt_clust        ff.o
    0x08008396   0x08008396   0x0000001a   Code   RO         4022    i.clust2sect        ff.o
    0x080083b0   0x080083b0   0x00000090   Code   RO         4023    i.cmp_lfn           ff.o
    0x08008440   0x08008440   0x00000012   Code   RO          649    i.convert_from_bytes_to_power_of_two  sdcard.o
    0x08008452   0x08008452   0x000000d6   Code   RO         4024    i.create_chain      ff.o
    0x08008528   0x08008528   0x00000270   Code   RO         4025    i.create_name       ff.o
    0x08008798   0x08008798   0x0000005c   Code   RO         4026    i.dir_alloc         ff.o
    0x080087f4   0x080087f4   0x000000ea   Code   RO         4027    i.dir_find          ff.o
    0x080088de   0x080088de   0x0000010e   Code   RO         4028    i.dir_next          ff.o
    0x080089ec   0x080089ec   0x0000012a   Code   RO         4030    i.dir_register      ff.o
    0x08008b16   0x08008b16   0x0000009e   Code   RO         4032    i.dir_sdi           ff.o
    0x08008bb4   0x08008bb4   0x0000002a   Code   RO         3955    i.disk_initialize   diskio.o
    0x08008bde   0x08008bde   0x00000002   PAD
    0x08008be0   0x08008be0   0x0000004c   Code   RO         3956    i.disk_ioctl        diskio.o
    0x08008c2c   0x08008c2c   0x00000062   Code   RO         3957    i.disk_read         diskio.o
    0x08008c8e   0x08008c8e   0x00000006   Code   RO         3958    i.disk_status       diskio.o
    0x08008c94   0x08008c94   0x00000062   Code   RO         3959    i.disk_write        diskio.o
    0x08008cf6   0x08008cf6   0x00000020   Code   RO         4034    i.f_close           ff.o
    0x08008d16   0x08008d16   0x00000052   Code   RO         4038    i.f_gets            ff.o
    0x08008d68   0x08008d68   0x000002ac   Code   RO         4039    i.f_lseek           ff.o
    0x08009014   0x08009014   0x0000005c   Code   RO         4042    i.f_mount           ff.o
    0x08009070   0x08009070   0x00000180   Code   RO         4043    i.f_open            ff.o
    0x080091f0   0x080091f0   0x000001b0   Code   RO         4048    i.f_read            ff.o
    0x080093a0   0x080093a0   0x000000b0   Code   RO         4053    i.f_sync            ff.o
    0x08009450   0x08009450   0x000001ea   Code   RO         4057    i.f_write           ff.o
    0x0800963a   0x0800963a   0x00000002   PAD
    0x0800963c   0x0800963c   0x0000007c   Code   RO         4366    i.ff_convert        cc936.o
    0x080096b8   0x080096b8   0x0000000e   Code   RO         3960    i.ff_memalloc       diskio.o
    0x080096c6   0x080096c6   0x0000000e   Code   RO         3961    i.ff_memfree        diskio.o
    0x080096d4   0x080096d4   0x00000038   Code   RO         4367    i.ff_wtoupper       cc936.o
    0x0800970c   0x0800970c   0x00000394   Code   RO         4058    i.find_volume       ff.o
    0x08009aa0   0x08009aa0   0x00000080   Code   RO         4059    i.fit_lfn           ff.o
    0x08009b20   0x08009b20   0x00000090   Code   RO         4060    i.follow_path       ff.o
    0x08009bb0   0x08009bb0   0x00000018   Code   RO          368    i.fputc             uart.o
    0x08009bc8   0x08009bc8   0x000000cc   Code   RO         4061    i.gen_numname       ff.o
    0x08009c94   0x08009c94   0x000000f2   Code   RO         4062    i.get_fat           ff.o
    0x08009d86   0x08009d86   0x00000004   Code   RO         3962    i.get_fattime       diskio.o
    0x08009d8a   0x08009d8a   0x0000004a   Code   RO         4064    i.get_ldnumber      ff.o
    0x08009dd4   0x08009dd4   0x00000020   Code   RO         4065    i.ld_clust          ff.o
    0x08009df4   0x08009df4   0x00000214   Code   RO           10    i.main              main.o
    0x0800a008   0x0800a008   0x00000026   Code   RO         4066    i.mem_cmp           ff.o
    0x0800a02e   0x0800a02e   0x0000001a   Code   RO         4067    i.mem_cpy           ff.o
    0x0800a048   0x0800a048   0x00000014   Code   RO         4068    i.mem_set           ff.o
    0x0800a05c   0x0800a05c   0x00000034   Code   RO         4069    i.move_window       ff.o
    0x0800a090   0x0800a090   0x0000006c   Code   RO          848    i.my_mem_free       malloc.o
    0x0800a0fc   0x0800a0fc   0x00000044   Code   RO          849    i.my_mem_init       malloc.o
    0x0800a140   0x0800a140   0x000000a8   Code   RO          850    i.my_mem_malloc     malloc.o
    0x0800a1e8   0x0800a1e8   0x00000040   Code   RO          851    i.my_mem_perused    malloc.o
    0x0800a228   0x0800a228   0x00000024   Code   RO          852    i.myfree            malloc.o
    0x0800a24c   0x0800a24c   0x00000028   Code   RO          853    i.mymalloc          malloc.o
    0x0800a274   0x0800a274   0x00000014   Code   RO          855    i.mymemset          malloc.o
    0x0800a288   0x0800a288   0x00000142   Code   RO         4071    i.put_fat           ff.o
    0x0800a3ca   0x0800a3ca   0x0000006c   Code   RO         4073    i.remove_chain      ff.o
    0x0800a436   0x0800a436   0x0000004c   Code   RO         5559    i.sqrt              m_ws.l(sqrt.o)
    0x0800a482   0x0800a482   0x00000010   Code   RO         4074    i.st_clust          ff.o
    0x0800a492   0x0800a492   0x00000020   Code   RO         4075    i.sum_sfn           ff.o
    0x0800a4b2   0x0800a4b2   0x000000c8   Code   RO         4076    i.sync_fs           ff.o
    0x0800a57a   0x0800a57a   0x00000052   Code   RO         4077    i.sync_window       ff.o
    0x0800a5cc   0x0800a5cc   0x00000036   Code   RO         4078    i.validate          ff.o
    0x0800a602   0x0800a602   0x00000018   Data   RO          568    .constdata          rtc.o
    0x0800a61a   0x0800a61a   0x00000002   PAD
    0x0800a61c   0x0800a61c   0x00000018   Data   RO          860    .constdata          malloc.o
    0x0800a634   0x0800a634   0x0000003a   Data   RO         4079    .constdata          ff.o
    0x0800a66e   0x0800a66e   0x0002acc8   Data   RO         4368    .constdata          cc936.o
    0x08035336   0x08035336   0x00000092   Data   RO         4676    .constdata          usb_desc.o
    0x080353c8   0x080353c8   0x00000098   Data   RO         5858    .constdata          m_ws.l(atan.o)
    0x08035460   0x08035460   0x00000008   Data   RO         5880    .constdata          m_ws.l(qnan.o)
    0x08035468   0x08035468   0x00000020   Data   RO         5932    Region$$Table       anon$$obj.o


    Execution Region RW_IRAM1 (Exec base: 0x20000000, Load base: 0x08035488, Size: 0x0000ca70, Max: 0x00010000, ABSOLUTE, COMPRESSED[0x000000e8])

    Exec Addr    Load Addr    Size         Type   Attr      Idx    E Section Name        Object

    0x20000000   COMPRESSED   0x00000024   Data   RW           12    .data               main.o
    0x20000024   COMPRESSED   0x00000005   Data   RW          370    .data               uart.o
    0x20000029   COMPRESSED   0x00000001   PAD
    0x2000002a   COMPRESSED   0x0000000d   Data   RW          460    .data               timer.o
    0x20000037   COMPRESSED   0x00000001   PAD
    0x20000038   COMPRESSED   0x0000000e   Data   RW          569    .data               rtc.o
    0x20000046   COMPRESSED   0x00000002   PAD
    0x20000048   COMPRESSED   0x00000028   Data   RW          651    .data               sdcard.o
    0x20000070   COMPRESSED   0x0000001c   Data   RW          861    .data               malloc.o
    0x2000008c   COMPRESSED   0x00000014   Data   RW         2515    .data               stm32f10x_rcc.o
    0x200000a0   COMPRESSED   0x00000014   Data   RW         3899    .data               system_stm32f10x.o
    0x200000b4   COMPRESSED   0x0000000a   Data   RW         4080    .data               ff.o
    0x200000be   COMPRESSED   0x00000002   PAD
    0x200000c0   COMPRESSED   0x00000010   Data   RW         4538    .data               mass_mal.o
    0x200000d0   COMPRESSED   0x00000038   Data   RW         4575    .data               memory.o
    0x20000108   COMPRESSED   0x0000007f   Data   RW         4609    .data               scsi_data.o
    0x20000187   COMPRESSED   0x00000001   PAD
    0x20000188   COMPRESSED   0x00000014   Data   RW         4632    .data               usb_bot.o
    0x2000019c   COMPRESSED   0x0000001a   Data   RW         4677    .data               usb_desc.o
    0x200001b6   COMPRESSED   0x00000002   PAD
    0x200001b8   COMPRESSED   0x0000003c   Data   RW         4708    .data               usb_istr.o
    0x200001f4   COMPRESSED   0x00000090   Data   RW         4739    .data               usb_prop.o
    0x20000284   COMPRESSED   0x0000000c   Data   RW         4836    .data               usb_pwr.o
    0x20000290   COMPRESSED   0x00000003   Data   RW         4995    .data               usb_core.o
    0x20000293   COMPRESSED   0x00000001   PAD
    0x20000294   COMPRESSED   0x00000014   Data   RW         5097    .data               usb_init.o
    0x200002a8   COMPRESSED   0x00000004   Data   RW         5120    .data               usb_int.o
    0x200002ac   COMPRESSED   0x00000004   Data   RW         5895    .data               mc_w.l(stdout.o)
    0x200002b0   COMPRESSED   0x00000004   Data   RW         5907    .data               mc_w.l(errno.o)
    0x200002b4        -       0x0000077c   Zero   RW           11    .bss                main.o
    0x20000a30        -       0x00000318   Zero   RW          369    .bss                uart.o
    0x20000d48        -       0x000002b4   Zero   RW          650    .bss                sdcard.o
    0x20000ffc   COMPRESSED   0x00000004   PAD
    0x20001000        -       0x0000aa00   Zero   RW          859    .bss                malloc.o
    0x2000ba00        -       0x00000030   Zero   RW         4631    .bss                usb_bot.o
    0x2000ba30        -       0x00000020   Zero   RW         4835    .bss                usb_pwr.o
    0x2000ba50        -       0x0000001c   Zero   RW         5096    .bss                usb_init.o
    0x2000ba6c   COMPRESSED   0x00000004   PAD
    0x2000ba70        -       0x00001000   Zero   RW         3948    STACK               startup_stm32f10x_hd.o



  Load Region LR$$.ARM.__AT_0x68000000 (Base: 0x68000000, Size: 0x00000000, Max: 0x000f0000, ABSOLUTE)

    Execution Region ER$$.ARM.__AT_0x68000000 (Exec base: 0x68000000, Load base: 0x68000000, Size: 0x000f0000, Max: 0x000f0000, ABSOLUTE, UNINIT)

    Exec Addr    Load Addr    Size         Type   Attr      Idx    E Section Name        Object

    0x68000000        -       0x000f0000   Zero   RW          857    .ARM.__AT_0x68000000  malloc.o



  Load Region LR$$.ARM.__AT_0x680F0000 (Base: 0x680f0000, Size: 0x00000000, Max: 0x0000f000, ABSOLUTE)

    Execution Region ER$$.ARM.__AT_0x680F0000 (Exec base: 0x680f0000, Load base: 0x680f0000, Size: 0x0000f000, Max: 0x0000f000, ABSOLUTE, UNINIT)

    Exec Addr    Load Addr    Size         Type   Attr      Idx    E Section Name        Object

    0x680f0000        -       0x0000f000   Zero   RW          858    .ARM.__AT_0x680F0000  malloc.o


==============================================================================

Image component sizes


      Code (inc. data)   RO Data    RW Data    ZI Data      Debug   Object Name

       180         18     175304          0          0       2299   cc936.o
       352          6          0          0          0       5987   diskio.o
      7336         64         58         10          0      36576   ff.o
        88         10          0          0          0        469   gpio.o
       548        166          0          0          0       6883   hw_config.o
       612         38          0          0          0       2023   i2c.o
       594         34          0          0          0       1146   imu.o
      1944        802          0         36       1916     312957   main.o
       504         60         24         28    1088000       5673   malloc.o
       166          0          0         16          0       2591   mass_mal.o
       736         90          0         56          0       3467   memory.o
       132         22          0          0          0       1347   misc.o
      1016         50         24         14          0       5197   rtc.o
         0          0          0        127          0        970   scsi_data.o
      8694        900          0         40        692      48235   sdcard.o
        36          8        304          0       4096        780   startup_stm32f10x_hd.o
        72         10          0          0          0       2436   stm32f10x_bkp.o
       488         26          0          0          0       4190   stm32f10x_dma.o
       160         12          0          0          0       1313   stm32f10x_exti.o
       282          0          0          0          0       2307   stm32f10x_gpio.o
       518         20          0          0          0       7537   stm32f10x_i2c.o
       468         72          0          0          0       5441   stm32f10x_it.o
        12          6          0          0          0        454   stm32f10x_pwr.o
       536         82          0         20          0       8567   stm32f10x_rcc.o
       288         52          0          0          0       5075   stm32f10x_rtc.o
       372         86          0          0          0       8711   stm32f10x_sdio.o
       552         64          0          0          0       2773   stm32f10x_tim.o
       472          6          0          0          0       6255   stm32f10x_usart.o
       328         28          0         20          0       1985   system_stm32f10x.o
       288         36          0         13          0        996   timer.o
       342         36          0          5        792       4780   uart.o
      1232        118          0         20         48       4207   usb_bot.o
      3058        288          0          3          0      14119   usb_core.o
         0          0        146         26          0        876   usb_desc.o
        16          0          0          0          0        845   usb_endp.o
        60         24          0         20         28       4038   usb_init.o
       648         32          0          4          0       1692   usb_int.o
       248         26          0         60          0       1300   usb_istr.o
        96         10          0          0          0       1724   usb_mem.o
       690        120          0        144          0      10690   usb_prop.o
       464         52          0         12         32       3452   usb_pwr.o
       684        102          0          0          0       9444   usb_regs.o
      1086        130          0          0          0       8710   usb_scsi.o
       128          8          0          0          0       2082   usb_sil.o

    ----------------------------------------------------------------------
     36566       3714     175894        684    1095612     562599   Object Totals
         0          0         32          0          0          0   (incl. Generated)
        40          0          2         10          8          0   (incl. Padding)

    ----------------------------------------------------------------------

      Code (inc. data)   RO Data    RW Data    ZI Data      Debug   Library Member Name

       544         70        152          0          0        124   atan.o
       384         38          0          0          0        144   atan2.o
        26          6          0          0          0        204   dunder.o
        40          0          0          0          0         68   fpclassify.o
       170          0          0          0          0         96   poly.o
         0          0          8          0          0          0   qnan.o
        76          0          0          0          0         84   sqrt.o
        86          0          0          0          0          0   __dczerorl2.o
         0          0          0          0          0          0   entry.o
         0          0          0          0          0          0   entry10a.o
         0          0          0          0          0          0   entry11a.o
         8          4          0          0          0          0   entry2.o
         4          0          0          0          0          0   entry5.o
         0          0          0          0          0          0   entry7b.o
         0          0          0          0          0          0   entry8b.o
         8          4          0          0          0          0   entry9a.o
        12          6          0          4          0         68   errno.o
        30          0          0          0          0          0   handlers.o
        36          8          0          0          0         68   init.o
         0          0          0          0          0          0   iusefp.o
        98          0          0          0          0         84   ldiv.o
        30          0          0          0          0         68   llshl.o
        36          0          0          0          0         68   llsshr.o
        32          0          0          0          0         68   llushr.o
        36          0          0          0          0         68   memcpya.o
        36          0          0          0          0        108   memseta.o
      2258         90          0          0          0        452   printfa.o
         0          0          0          4          0          0   stdout.o
        30          0          0          0          0         80   strncmp.o
        44          0          0          0          0         80   uidiv.o
        98          0          0          0          0         92   uldiv.o
        48          0          0          0          0         68   cdrcmple.o
        56          0          0          0          0         88   d2f.o
       334          0          0          0          0        148   dadd.o
       222          0          0          0          0        100   ddiv.o
       186          0          0          0          0        176   depilogue.o
        48          0          0          0          0         68   dfixul.o
        34          0          0          0          0         76   dflti.o
        26          0          0          0          0         76   dfltui.o
       228          0          0          0          0         96   dmul.o
        46          0          0          0          0         80   dscalb.o
       162          0          0          0          0        100   dsqrt.o
       110          0          0          0          0        168   fepilogue.o

    ----------------------------------------------------------------------
      5628        226        160          8          0       3268   Library Totals
         6          0          0          0          0          0   (incl. Padding)

    ----------------------------------------------------------------------

      Code (inc. data)   RO Data    RW Data    ZI Data      Debug   Library Name

      1240        114        160          0          0        720   m_ws.l
      2882        112          0          8          0       1304   mc_w.l
      1500          0          0          0          0       1244   mf_w.l

    ----------------------------------------------------------------------
      5628        226        160          8          0       3268   Library Totals

    ----------------------------------------------------------------------

==============================================================================


      Code (inc. data)   RO Data    RW Data    ZI Data      Debug   

     42194       3940     176054        692    1095612     548679   Grand Totals
     42194       3940     176054        232    1095612     548679   ELF Image Totals (compressed)
     42194       3940     176054        232          0          0   ROM Totals

==============================================================================

    Total RO  Size (Code + RO Data)               218248 ( 213.13kB)
    Total RW  Size (RW Data + ZI Data)           1096304 (1070.61kB)
    Total ROM Size (Code + RO Data + RW Data)     218480 ( 213.36kB)

==============================================================================

